Archive member included to satisfy reference by file (symbol)

c:/program files (x86)/atollic/truestudio for stm32 9.3.0/armtools/bin/../lib/gcc/arm-atollic-eabi/6.3.1/../../../../arm-atollic-eabi/lib/armv7e-m/fpu\libc_nano.a(lib_a-errno.o)
                              Src\syscalls.o (__errno)
c:/program files (x86)/atollic/truestudio for stm32 9.3.0/armtools/bin/../lib/gcc/arm-atollic-eabi/6.3.1/../../../../arm-atollic-eabi/lib/armv7e-m/fpu\libc_nano.a(lib_a-impure.o)
                              c:/program files (x86)/atollic/truestudio for stm32 9.3.0/armtools/bin/../lib/gcc/arm-atollic-eabi/6.3.1/../../../../arm-atollic-eabi/lib/armv7e-m/fpu\libc_nano.a(lib_a-errno.o) (_impure_ptr)
c:/program files (x86)/atollic/truestudio for stm32 9.3.0/armtools/bin/../lib/gcc/arm-atollic-eabi/6.3.1/../../../../arm-atollic-eabi/lib/armv7e-m/fpu\libc_nano.a(lib_a-init.o)
                              startup\startup_stm32f407xx.o (__libc_init_array)
c:/program files (x86)/atollic/truestudio for stm32 9.3.0/armtools/bin/../lib/gcc/arm-atollic-eabi/6.3.1/../../../../arm-atollic-eabi/lib/armv7e-m/fpu\libc_nano.a(lib_a-malloc.o)
                              Src\main.o (malloc)
c:/program files (x86)/atollic/truestudio for stm32 9.3.0/armtools/bin/../lib/gcc/arm-atollic-eabi/6.3.1/../../../../arm-atollic-eabi/lib/armv7e-m/fpu\libc_nano.a(lib_a-memcpy-stub.o)
                              Src\main.o (memcpy)
c:/program files (x86)/atollic/truestudio for stm32 9.3.0/armtools/bin/../lib/gcc/arm-atollic-eabi/6.3.1/../../../../arm-atollic-eabi/lib/armv7e-m/fpu\libc_nano.a(lib_a-memmove.o)
                              Src\main.o (memmove)
c:/program files (x86)/atollic/truestudio for stm32 9.3.0/armtools/bin/../lib/gcc/arm-atollic-eabi/6.3.1/../../../../arm-atollic-eabi/lib/armv7e-m/fpu\libc_nano.a(lib_a-memset.o)
                              Src\main.o (memset)
c:/program files (x86)/atollic/truestudio for stm32 9.3.0/armtools/bin/../lib/gcc/arm-atollic-eabi/6.3.1/../../../../arm-atollic-eabi/lib/armv7e-m/fpu\libc_nano.a(lib_a-nano-freer.o)
                              c:/program files (x86)/atollic/truestudio for stm32 9.3.0/armtools/bin/../lib/gcc/arm-atollic-eabi/6.3.1/../../../../arm-atollic-eabi/lib/armv7e-m/fpu\libc_nano.a(lib_a-malloc.o) (_free_r)
c:/program files (x86)/atollic/truestudio for stm32 9.3.0/armtools/bin/../lib/gcc/arm-atollic-eabi/6.3.1/../../../../arm-atollic-eabi/lib/armv7e-m/fpu\libc_nano.a(lib_a-nano-mallocr.o)
                              c:/program files (x86)/atollic/truestudio for stm32 9.3.0/armtools/bin/../lib/gcc/arm-atollic-eabi/6.3.1/../../../../arm-atollic-eabi/lib/armv7e-m/fpu\libc_nano.a(lib_a-malloc.o) (_malloc_r)
c:/program files (x86)/atollic/truestudio for stm32 9.3.0/armtools/bin/../lib/gcc/arm-atollic-eabi/6.3.1/../../../../arm-atollic-eabi/lib/armv7e-m/fpu\libc_nano.a(lib_a-sbrkr.o)
                              c:/program files (x86)/atollic/truestudio for stm32 9.3.0/armtools/bin/../lib/gcc/arm-atollic-eabi/6.3.1/../../../../arm-atollic-eabi/lib/armv7e-m/fpu\libc_nano.a(lib_a-nano-mallocr.o) (_sbrk_r)
c:/program files (x86)/atollic/truestudio for stm32 9.3.0/armtools/bin/../lib/gcc/arm-atollic-eabi/6.3.1/../../../../arm-atollic-eabi/lib/armv7e-m/fpu\libc_nano.a(lib_a-sprintf.o)
                              Src\main.o (sprintf)
c:/program files (x86)/atollic/truestudio for stm32 9.3.0/armtools/bin/../lib/gcc/arm-atollic-eabi/6.3.1/../../../../arm-atollic-eabi/lib/armv7e-m/fpu\libc_nano.a(lib_a-strcmp.o)
                              Src\main.o (strcmp)
c:/program files (x86)/atollic/truestudio for stm32 9.3.0/armtools/bin/../lib/gcc/arm-atollic-eabi/6.3.1/../../../../arm-atollic-eabi/lib/armv7e-m/fpu\libc_nano.a(lib_a-strcpy.o)
                              Src\main.o (strcpy)
c:/program files (x86)/atollic/truestudio for stm32 9.3.0/armtools/bin/../lib/gcc/arm-atollic-eabi/6.3.1/../../../../arm-atollic-eabi/lib/armv7e-m/fpu\libc_nano.a(lib_a-strlen.o)
                              Src\main.o (strlen)
c:/program files (x86)/atollic/truestudio for stm32 9.3.0/armtools/bin/../lib/gcc/arm-atollic-eabi/6.3.1/../../../../arm-atollic-eabi/lib/armv7e-m/fpu\libc_nano.a(lib_a-strrchr.o)
                              Src\main.o (strrchr)
c:/program files (x86)/atollic/truestudio for stm32 9.3.0/armtools/bin/../lib/gcc/arm-atollic-eabi/6.3.1/../../../../arm-atollic-eabi/lib/armv7e-m/fpu\libc_nano.a(lib_a-mlock.o)
                              c:/program files (x86)/atollic/truestudio for stm32 9.3.0/armtools/bin/../lib/gcc/arm-atollic-eabi/6.3.1/../../../../arm-atollic-eabi/lib/armv7e-m/fpu\libc_nano.a(lib_a-nano-freer.o) (__malloc_lock)
c:/program files (x86)/atollic/truestudio for stm32 9.3.0/armtools/bin/../lib/gcc/arm-atollic-eabi/6.3.1/../../../../arm-atollic-eabi/lib/armv7e-m/fpu\libc_nano.a(lib_a-nano-svfprintf.o)
[...]
Memory Configuration

Name             Origin             Length             Attributes
RAM              0x20000000         0x00020000         xrw
CCMRAM           0x10000000         0x00010000         rw
FLASH            0x08000000         0x00100000         xr
*default*        0x00000000         0xffffffff

Linker script and memory map

LOAD c:/program files (x86)/atollic/truestudio for stm32 9.3.0/armtools/bin/../lib/gcc/arm-atollic-eabi/6.3.1/armv7e-m/fpu/crti.o
LOAD c:/program files (x86)/atollic/truestudio for stm32 9.3.0/armtools/bin/../lib/gcc/arm-atollic-eabi/6.3.1/armv7e-m/fpu/crtbegin.o
LOAD Drivers\STM32F4xx_HAL_Driver\Src\stm32f4xx_hal.o
LOAD Drivers\STM32F4xx_HAL_Driver\Src\stm32f4xx_hal_adc.o
LOAD Drivers\STM32F4xx_HAL_Driver\Src\stm32f4xx_hal_adc_ex.o
LOAD Drivers\STM32F4xx_HAL_Driver\Src\stm32f4xx_hal_cortex.o
LOAD Drivers\STM32F4xx_HAL_Driver\Src\stm32f4xx_hal_dac.o
LOAD Drivers\STM32F4xx_HAL_Driver\Src\stm32f4xx_hal_dac_ex.o
LOAD Drivers\STM32F4xx_HAL_Driver\Src\stm32f4xx_hal_dma.o
LOAD Drivers\STM32F4xx_HAL_Driver\Src\stm32f4xx_hal_dma_ex.o
LOAD Drivers\STM32F4xx_HAL_Driver\Src\stm32f4xx_hal_exti.o
LOAD Drivers\STM32F4xx_HAL_Driver\Src\stm32f4xx_hal_flash.o
LOAD Drivers\STM32F4xx_HAL_Driver\Src\stm32f4xx_hal_flash_ex.o
LOAD Drivers\STM32F4xx_HAL_Driver\Src\stm32f4xx_hal_flash_ramfunc.o
LOAD Drivers\STM32F4xx_HAL_Driver\Src\stm32f4xx_hal_gpio.o
LOAD Drivers\STM32F4xx_HAL_Driver\Src\stm32f4xx_hal_pwr.o
LOAD Drivers\STM32F4xx_HAL_Driver\Src\stm32f4xx_hal_pwr_ex.o
LOAD Drivers\STM32F4xx_HAL_Driver\Src\stm32f4xx_hal_rcc.o
LOAD Drivers\STM32F4xx_HAL_Driver\Src\stm32f4xx_hal_rcc_ex.o
LOAD Drivers\STM32F4xx_HAL_Driver\Src\stm32f4xx_hal_rng.o
LOAD Drivers\STM32F4xx_HAL_Driver\Src\stm32f4xx_hal_sd.o
LOAD Drivers\STM32F4xx_HAL_Driver\Src\stm32f4xx_hal_tim.o
LOAD Drivers\STM32F4xx_HAL_Driver\Src\stm32f4xx_hal_tim_ex.o
LOAD Drivers\STM32F4xx_HAL_Driver\Src\stm32f4xx_ll_sdmmc.o
LOAD Middlewares\Third_Party\FatFs\src\diskio.o
LOAD Middlewares\Third_Party\FatFs\src\ff.o
LOAD Middlewares\Third_Party\FatFs\src\ff_gen_drv.o
LOAD Middlewares\Third_Party\FatFs\src\option\ccsbcs.o
LOAD Middlewares\Third_Party\FatFs\src\option\syscall.o
LOAD Src\bsp_driver_sd.o
LOAD Src\fatfs.o
LOAD Src\main.o
LOAD Src\sd_diskio.o
LOAD Src\stm32f4xx_hal_msp.o
LOAD Src\stm32f4xx_it.o
LOAD Src\syscalls.o
LOAD Src\system_stm32f4xx.o
LOAD startup\startup_stm32f407xx.o
                0x00000080                malloc_getpagesize_P = 0x80
START GROUP
LOAD c:/program files (x86)/atollic/truestudio for stm32 9.3.0/armtools/bin/../lib/gcc/arm-atollic-eabi/6.3.1/../../../../arm-atollic-eabi/lib/armv7e-m/fpu\libc_nano.a
LOAD c:/program files (x86)/atollic/truestudio for stm32 9.3.0/armtools/bin/../lib/gcc/arm-atollic-eabi/6.3.1/../../../../arm-atollic-eabi/lib/armv7e-m/fpu\libm.a
END GROUP
START GROUP
LOAD c:/program files (x86)/atollic/truestudio for stm32 9.3.0/armtools/bin/../lib/gcc/arm-atollic-eabi/6.3.1/armv7e-m/fpu\libgcc.a
LOAD c:/program files (x86)/atollic/truestudio for stm32 9.3.0/armtools/bin/../lib/gcc/arm-atollic-eabi/6.3.1/../../../../arm-atollic-eabi/lib/armv7e-m/fpu\libc_nano.a
END GROUP
START GROUP
LOAD c:/program files (x86)/atollic/truestudio for stm32 9.3.0/armtools/bin/../lib/gcc/arm-atollic-eabi/6.3.1/armv7e-m/fpu\libgcc.a
LOAD c:/program files (x86)/atollic/truestudio for stm32 9.3.0/armtools/bin/../lib/gcc/arm-atollic-eabi/6.3.1/../../../../arm-atollic-eabi/lib/armv7e-m/fpu\libc_nano.a
LOAD c:/program files (x86)/atollic/truestudio for stm32 9.3.0/armtools/bin/../lib/gcc/arm-atollic-eabi/6.3.1/../../../../arm-atollic-eabi/lib/armv7e-m/fpu\libnosys.a
END GROUP
START GROUP
LOAD c:/program files (x86)/atollic/truestudio for stm32 9.3.0/armtools/bin/../lib/gcc/arm-atollic-eabi/6.3.1/armv7e-m/fpu\libgcc.a
LOAD c:/program files (x86)/atollic/truestudio for stm32 9.3.0/armtools/bin/../lib/gcc/arm-atollic-eabi/6.3.1/../../../../arm-atollic-eabi/lib/armv7e-m/fpu\libc_nano.a
LOAD c:/program files (x86)/atollic/truestudio for stm32 9.3.0/armtools/bin/../lib/gcc/arm-atollic-eabi/6.3.1/../../../../arm-atollic-eabi/lib/armv7e-m/fpu\libnosys.a
END GROUP
LOAD c:/program files (x86)/atollic/truestudio for stm32 9.3.0/armtools/bin/../lib/gcc/arm-atollic-eabi/6.3.1/armv7e-m/fpu/crtend.o
LOAD c:/program files (x86)/atollic/truestudio for stm32 9.3.0/armtools/bin/../lib/gcc/arm-atollic-eabi/6.3.1/armv7e-m/fpu/crtn.o
                0x20020000                _estack = 0x20020000
                0x00000200                _Min_Heap_Size = 0x200
                0x00000400                _Min_Stack_Size = 0x400

.isr_vector     0x08000000      0x188
                0x08000000                . = ALIGN (0x4)
 *(.isr_vector)
 .isr_vector    0x08000000      0x188 startup\startup_stm32f407xx.o
                0x08000000                g_pfnVectors
                0x08000188                . = ALIGN (0x4)

.text           0x08000190     0xaec4
                0x08000190                . = ALIGN (0x4)
 *(.text)
 .text          0x08000190       0x40 c:/program files (x86)/atollic/truestudio for stm32 9.3.0/armtools/bin/../lib/gcc/arm-atollic-eabi/6.3.1/armv7e-m/fpu/crtbegin.o
 .text          0x080001d0       0x14 c:/program files (x86)/atollic/truestudio for stm32 9.3.0/armtools/bin/../lib/gcc/arm-atollic-eabi/6.3.1/../../../../arm-atollic-eabi/lib/armv7e-m/fpu\libc_nano.a(lib_a-strcmp.o)
                0x080001d0                strcmp
 .text          0x080001e4       0x10 c:/program files (x86)/atollic/truestudio for stm32 9.3.0/armtools/bin/../lib/gcc/arm-atollic-eabi/6.3.1/../../../../arm-atollic-eabi/lib/armv7e-m/fpu\libc_nano.a(lib_a-strlen.o)
                0x080001e4                strlen
 *fill*         0x080001f4        0xc 
 .text          0x08000200       0xa0 c:/program files (x86)/atollic/truestudio for stm32 9.3.0/armtools/bin/../lib/gcc/arm-atollic-eabi/6.3.1/../../../../arm-atollic-eabi/lib/armv7e-m/fpu\libc_nano.a(lib_a-memchr.o)
                0x08000200                memchr
 .text          0x080002a0      0x370 c:/program files (x86)/atollic/truestudio for stm32 9.3.0/armtools/bin/../lib/gcc/arm-atollic-eabi/6.3.1/armv7e-m/fpu\libgcc.a(_arm_addsubdf3.o)
                0x080002a0                __aeabi_drsub
                0x080002a8                __aeabi_dsub
                0x080002a8                __subdf3
                0x080002ac                __aeabi_dadd
                0x080002ac                __adddf3
                0x08000524                __floatunsidf
                0x08000524                __aeabi_ui2d
                0x08000544                __floatsidf
                0x08000544                __aeabi_i2d
                0x08000568                __aeabi_f2d
                0x08000568                __extendsfdf2
                0x080005a4                __floatundidf
                0x080005a4                __aeabi_ul2d
                0x080005b4                __floatdidf
                0x080005b4                __aeabi_l2d
 .text          0x08000610      0x424 c:/program files (x86)/atollic/truestudio for stm32 9.3.0/armtools/bin/../lib/gcc/arm-atollic-eabi/6.3.1/armv7e-m/fpu\libgcc.a(_arm_muldivdf3.o)
                0x08000610                __aeabi_dmul
                0x08000610                __muldf3
                0x08000864                __divdf3
                0x08000864                __aeabi_ddiv
 .text          0x08000a34       0xa0 c:/program files (x86)/atollic/truestudio for stm32 9.3.0/armtools/bin/../lib/gcc/arm-atollic-eabi/6.3.1/armv7e-m/fpu\libgcc.a(_arm_truncdfsf2.o)
                0x08000a34                __truncdfsf2
                0x08000a34                __aeabi_d2f
 .text          0x08000ad4       0x30 c:/program files (x86)/atollic/truestudio for stm32 9.3.0/armtools/bin/../lib/gcc/arm-atollic-eabi/6.3.1/armv7e-m/fpu\libgcc.a(_aeabi_uldivmod.o)
                0x08000ad4                __aeabi_uldivmod
 .text          0x08000b04      0x2dc c:/program files (x86)/atollic/truestudio for stm32 9.3.0/armtools/bin/../lib/gcc/arm-atollic-eabi/6.3.1/armv7e-m/fpu\libgcc.a(_udivmoddi4.o)
                0x08000b04                __udivmoddi4
 .text          0x08000de0        0x4 c:/program files (x86)/atollic/truestudio for stm32 9.3.0/armtools/bin/../lib/gcc/arm-atollic-eabi/6.3.1/armv7e-m/fpu\libgcc.a(_dvmd_tls.o)
                0x08000de0                __aeabi_idiv0
                0x08000de0                __aeabi_ldiv0
 *(.text*)
 .text.HAL_InitTick
                0x08000de4       0x48 Drivers\STM32F4xx_HAL_Driver\Src\stm32f4xx_hal.o
                0x08000de4                HAL_InitTick
 .text.HAL_Init
                0x08000e2c       0x34 Drivers\STM32F4xx_HAL_Driver\Src\stm32f4xx_hal.o
                0x08000e2c                HAL_Init
 .text.HAL_IncTick
                0x08000e60       0x18 Drivers\STM32F4xx_HAL_Driver\Src\stm32f4xx_hal.o
                0x08000e60                HAL_IncTick
 .text.HAL_GetTick
                0x08000e78        0xc Drivers\STM32F4xx_HAL_Driver\Src\stm32f4xx_hal.o
                0x08000e78                HAL_GetTick
 .text.HAL_Delay
                0x08000e84       0x24 Drivers\STM32F4xx_HAL_Driver\Src\stm32f4xx_hal.o
                0x08000e84                HAL_Delay
 .text.HAL_ADC_Init
                0x08000ea8      0x160 Drivers\STM32F4xx_HAL_Driver\Src\stm32f4xx_hal_adc.o
                0x08000ea8                HAL_ADC_Init
 .text.HAL_ADC_Start
                0x08001008       0xfc Drivers\STM32F4xx_HAL_Driver\Src\stm32f4xx_hal_adc.o
                0x08001008                HAL_ADC_Start
 .text.HAL_ADC_Stop
                0x08001104       0x3c Drivers\STM32F4xx_HAL_Driver\Src\stm32f4xx_hal_adc.o
                0x08001104                HAL_ADC_Stop
 .text.HAL_ADC_PollForConversion
                0x08001140       0xa0 Drivers\STM32F4xx_HAL_Driver\Src\stm32f4xx_hal_adc.o
                0x08001140                HAL_ADC_PollForConversion
 .text.HAL_ADC_GetValue
                0x080011e0        0x8 Drivers\STM32F4xx_HAL_Driver\Src\stm32f4xx_hal_adc.o
                0x080011e0                HAL_ADC_GetValue
 .text.HAL_ADC_ConfigChannel
                0x080011e8      0x148 Drivers\STM32F4xx_HAL_Driver\Src\stm32f4xx_hal_adc.o
                0x080011e8                HAL_ADC_ConfigChannel
 .text.HAL_NVIC_SetPriorityGrouping
                0x08001330       0x24 Drivers\STM32F4xx_HAL_Driver\Src\stm32f4xx_hal_cortex.o
                0x08001330                HAL_NVIC_SetPriorityGrouping
 .text.HAL_NVIC_SetPriority
                0x08001354       0x6c Drivers\STM32F4xx_HAL_Driver\Src\stm32f4xx_hal_cortex.o
                0x08001354                HAL_NVIC_SetPriority
 .text.HAL_NVIC_EnableIRQ
                0x080013c0       0x1c Drivers\STM32F4xx_HAL_Driver\Src\stm32f4xx_hal_cortex.o
                0x080013c0                HAL_NVIC_EnableIRQ
 .text.HAL_SYSTICK_Config
                0x080013dc       0x34 Drivers\STM32F4xx_HAL_Driver\Src\stm32f4xx_hal_cortex.o
                0x080013dc                HAL_SYSTICK_Config
 .text.HAL_DAC_Init
                0x08001410       0x2c Drivers\STM32F4xx_HAL_Driver\Src\stm32f4xx_hal_dac.o
                0x08001410                HAL_DAC_Init
 .text.HAL_DAC_Start_DMA
                0x0800143c       0xe0 Drivers\STM32F4xx_HAL_Driver\Src\stm32f4xx_hal_dac.o
                0x0800143c                HAL_DAC_Start_DMA
 .text.HAL_DAC_Stop_DMA
                0x0800151c       0x40 Drivers\STM32F4xx_HAL_Driver\Src\stm32f4xx_hal_dac.o
                0x0800151c                HAL_DAC_Stop_DMA
 .text.HAL_DAC_ConvCpltCallbackCh1
                0x0800155c        0x4 Drivers\STM32F4xx_HAL_Driver\Src\stm32f4xx_hal_dac.o
                0x0800155c                HAL_DAC_ConvCpltCallbackCh1
 .text.DAC_DMAConvCpltCh1
                0x08001560       0x10 Drivers\STM32F4xx_HAL_Driver\Src\stm32f4xx_hal_dac.o
 .text.HAL_DAC_ConvHalfCpltCallbackCh1
                0x08001570        0x4 Drivers\STM32F4xx_HAL_Driver\Src\stm32f4xx_hal_dac.o
                0x08001570                HAL_DAC_ConvHalfCpltCallbackCh1
 .text.DAC_DMAHalfConvCpltCh1
                0x08001574        0xc Drivers\STM32F4xx_HAL_Driver\Src\stm32f4xx_hal_dac.o
 .text.HAL_DAC_ErrorCallbackCh1
                0x08001580        0x4 Drivers\STM32F4xx_HAL_Driver\Src\stm32f4xx_hal_dac.o
                0x08001580                HAL_DAC_ErrorCallbackCh1
 .text.DAC_DMAErrorCh1
                0x08001584       0x18 Drivers\STM32F4xx_HAL_Driver\Src\stm32f4xx_hal_dac.o
 .text.HAL_DAC_DMAUnderrunCallbackCh1
                0x0800159c        0x4 Drivers\STM32F4xx_HAL_Driver\Src\stm32f4xx_hal_dac.o
                0x0800159c                HAL_DAC_DMAUnderrunCallbackCh1
 .text.HAL_DAC_IRQHandler
                0x080015a0       0x5c Drivers\STM32F4xx_HAL_Driver\Src\stm32f4xx_hal_dac.o
                0x080015a0                HAL_DAC_IRQHandler
 .text.HAL_DAC_ConfigChannel
                0x080015fc       0x48 Drivers\STM32F4xx_HAL_Driver\Src\stm32f4xx_hal_dac.o
                0x080015fc                HAL_DAC_ConfigChannel
 .text.HAL_DACEx_ConvCpltCallbackCh2
                0x08001644        0x4 Drivers\STM32F4xx_HAL_Driver\Src\stm32f4xx_hal_dac_ex.o
                0x08001644                HAL_DACEx_ConvCpltCallbackCh2
 .text.HAL_DACEx_ConvHalfCpltCallbackCh2
                0x08001648        0x4 Drivers\STM32F4xx_HAL_Driver\Src\stm32f4xx_hal_dac_ex.o
                0x08001648                HAL_DACEx_ConvHalfCpltCallbackCh2
 .text.HAL_DACEx_ErrorCallbackCh2
                0x0800164c        0x4 Drivers\STM32F4xx_HAL_Driver\Src\stm32f4xx_hal_dac_ex.o
                0x0800164c                HAL_DACEx_ErrorCallbackCh2
 .text.HAL_DACEx_DMAUnderrunCallbackCh2
                0x08001650        0x4 Drivers\STM32F4xx_HAL_Driver\Src\stm32f4xx_hal_dac_ex.o
                0x08001650                HAL_DACEx_DMAUnderrunCallbackCh2
 .text.DAC_DMAConvCpltCh2
                0x08001654       0x10 Drivers\STM32F4xx_HAL_Driver\Src\stm32f4xx_hal_dac_ex.o
                0x08001654                DAC_DMAConvCpltCh2
 .text.DAC_DMAHalfConvCpltCh2
                0x08001664        0xc Drivers\STM32F4xx_HAL_Driver\Src\stm32f4xx_hal_dac_ex.o
                0x08001664                DAC_DMAHalfConvCpltCh2
 .text.DAC_DMAErrorCh2
                0x08001670       0x18 Drivers\STM32F4xx_HAL_Driver\Src\stm32f4xx_hal_dac_ex.o
                0x08001670                DAC_DMAErrorCh2
 .text.HAL_DMA_Init
                0x08001688      0x134 Drivers\STM32F4xx_HAL_Driver\Src\stm32f4xx_hal_dma.o
                0x08001688                HAL_DMA_Init
 .text.HAL_DMA_Start_IT
                0x080017bc       0x7c Drivers\STM32F4xx_HAL_Driver\Src\stm32f4xx_hal_dma.o
                0x080017bc                HAL_DMA_Start_IT
 .text.HAL_DMA_Abort
                0x08001838       0x90 Drivers\STM32F4xx_HAL_Driver\Src\stm32f4xx_hal_dma.o
                0x08001838                HAL_DMA_Abort
 .text.HAL_DMA_Abort_IT
                0x080018c8       0x24 Drivers\STM32F4xx_HAL_Driver\Src\stm32f4xx_hal_dma.o
                0x080018c8                HAL_DMA_Abort_IT
 .text.HAL_DMA_IRQHandler
                0x080018ec      0x1a0 Drivers\STM32F4xx_HAL_Driver\Src\stm32f4xx_hal_dma.o
                0x080018ec                HAL_DMA_IRQHandler
 .text.HAL_GPIO_Init
                0x08001a8c      0x21c Drivers\STM32F4xx_HAL_Driver\Src\stm32f4xx_hal_gpio.o
                0x08001a8c                HAL_GPIO_Init
 .text.HAL_RCC_OscConfig
                0x08001ca8      0x3c0 Drivers\STM32F4xx_HAL_Driver\Src\stm32f4xx_hal_rcc.o
                0x08001ca8                HAL_RCC_OscConfig
 .text.HAL_RCC_GetSysClockFreq
                0x08002068       0x6c Drivers\STM32F4xx_HAL_Driver\Src\stm32f4xx_hal_rcc.o
                0x08002068                HAL_RCC_GetSysClockFreq
 .text.HAL_RCC_ClockConfig
                0x080020d4      0x13c Drivers\STM32F4xx_HAL_Driver\Src\stm32f4xx_hal_rcc.o
                0x080020d4                HAL_RCC_ClockConfig
 .text.HAL_RNG_Init
                0x08002210       0x34 Drivers\STM32F4xx_HAL_Driver\Src\stm32f4xx_hal_rng.o
                0x08002210                HAL_RNG_Init
 .text.SD_FindSCR
                0x08002244       0xd8 Drivers\STM32F4xx_HAL_Driver\Src\stm32f4xx_hal_sd.o
 .text.HAL_SD_ReadBlocks
                0x0800231c      0x24c Drivers\STM32F4xx_HAL_Driver\Src\stm32f4xx_hal_sd.o
                0x0800231c                HAL_SD_ReadBlocks
 .text.HAL_SD_WriteBlocks
                0x08002568      0x1d8 Drivers\STM32F4xx_HAL_Driver\Src\stm32f4xx_hal_sd.o
                0x08002568                HAL_SD_WriteBlocks
 .text.HAL_SD_ErrorCallback
                0x08002740        0x4 Drivers\STM32F4xx_HAL_Driver\Src\stm32f4xx_hal_sd.o
                0x08002740                HAL_SD_ErrorCallback
 .text.HAL_SD_GetCardCSD
                0x08002744      0x174 Drivers\STM32F4xx_HAL_Driver\Src\stm32f4xx_hal_sd.o
                0x08002744                HAL_SD_GetCardCSD
 .text.HAL_SD_InitCard
                0x080028b8      0x1fc Drivers\STM32F4xx_HAL_Driver\Src\stm32f4xx_hal_sd.o
                0x080028b8                HAL_SD_InitCard
 .text.HAL_SD_Init
                0x08002ab4       0x3c Drivers\STM32F4xx_HAL_Driver\Src\stm32f4xx_hal_sd.o
                0x08002ab4                HAL_SD_Init
 .text.HAL_SD_GetCardInfo
                0x08002af0       0x28 Drivers\STM32F4xx_HAL_Driver\Src\stm32f4xx_hal_sd.o
                0x08002af0                HAL_SD_GetCardInfo
 .text.HAL_SD_ConfigWideBusOperation
                0x08002b18      0x120 Drivers\STM32F4xx_HAL_Driver\Src\stm32f4xx_hal_sd.o
                0x08002b18                HAL_SD_ConfigWideBusOperation
 .text.HAL_SD_GetCardState
                0x08002c38       0x28 Drivers\STM32F4xx_HAL_Driver\Src\stm32f4xx_hal_sd.o
                0x08002c38                HAL_SD_GetCardState
 .text.SD_DMARxAbort
                0x08002c60       0x44 Drivers\STM32F4xx_HAL_Driver\Src\stm32f4xx_hal_sd.o
 .text.HAL_SD_IRQHandler
                0x08002ca4      0x26c Drivers\STM32F4xx_HAL_Driver\Src\stm32f4xx_hal_sd.o
                0x08002ca4                HAL_SD_IRQHandler
 .text.SD_DMATxAbort
                0x08002f10        0x4 Drivers\STM32F4xx_HAL_Driver\Src\stm32f4xx_hal_sd.o
 .text.HAL_TIM_Base_Start
                0x08002f14       0x24 Drivers\STM32F4xx_HAL_Driver\Src\stm32f4xx_hal_tim.o
                0x08002f14                HAL_TIM_Base_Start
 .text.HAL_TIM_Base_Stop
                0x08002f38       0x30 Drivers\STM32F4xx_HAL_Driver\Src\stm32f4xx_hal_tim.o
                0x08002f38                HAL_TIM_Base_Stop
 .text.HAL_TIM_Base_Start_IT
                0x08002f68       0x20 Drivers\STM32F4xx_HAL_Driver\Src\stm32f4xx_hal_tim.o
                0x08002f68                HAL_TIM_Base_Start_IT
 .text.HAL_TIM_Base_Stop_IT
                0x08002f88       0x2c Drivers\STM32F4xx_HAL_Driver\Src\stm32f4xx_hal_tim.o
                0x08002f88                HAL_TIM_Base_Stop_IT
 .text.HAL_TIM_OC_DelayElapsedCallback
                0x08002fb4        0x4 Drivers\STM32F4xx_HAL_Driver\Src\stm32f4xx_hal_tim.o
                0x08002fb4                HAL_TIM_OC_DelayElapsedCallback
 .text.HAL_TIM_IC_CaptureCallback
                0x08002fb8        0x4 Drivers\STM32F4xx_HAL_Driver\Src\stm32f4xx_hal_tim.o
                0x08002fb8                HAL_TIM_IC_CaptureCallback
 .text.HAL_TIM_PWM_PulseFinishedCallback
                0x08002fbc        0x4 Drivers\STM32F4xx_HAL_Driver\Src\stm32f4xx_hal_tim.o
                0x08002fbc                HAL_TIM_PWM_PulseFinishedCallback
 .text.HAL_TIM_TriggerCallback
                0x08002fc0        0x4 Drivers\STM32F4xx_HAL_Driver\Src\stm32f4xx_hal_tim.o
                0x08002fc0                HAL_TIM_TriggerCallback
 .text.HAL_TIM_IRQHandler
                0x08002fc4      0x154 Drivers\STM32F4xx_HAL_Driver\Src\stm32f4xx_hal_tim.o
                0x08002fc4                HAL_TIM_IRQHandler
 .text.TIM_Base_SetConfig
                0x08003118       0xfc Drivers\STM32F4xx_HAL_Driver\Src\stm32f4xx_hal_tim.o
                0x08003118                TIM_Base_SetConfig
 .text.HAL_TIM_Base_Init
                0x08003214       0x38 Drivers\STM32F4xx_HAL_Driver\Src\stm32f4xx_hal_tim.o
                0x08003214                HAL_TIM_Base_Init
 .text.HAL_TIMEx_MasterConfigSynchronization
                0x0800324c       0x8c Drivers\STM32F4xx_HAL_Driver\Src\stm32f4xx_hal_tim_ex.o
                0x0800324c                HAL_TIMEx_MasterConfigSynchronization
 .text.HAL_TIMEx_CommutCallback
                0x080032d8        0x4 Drivers\STM32F4xx_HAL_Driver\Src\stm32f4xx_hal_tim_ex.o
                0x080032d8                HAL_TIMEx_CommutCallback
 .text.HAL_TIMEx_BreakCallback
                0x080032dc        0x4 Drivers\STM32F4xx_HAL_Driver\Src\stm32f4xx_hal_tim_ex.o
                0x080032dc                HAL_TIMEx_BreakCallback
 .text.SDMMC_GetCmdResp2
                0x080032e0       0x54 Drivers\STM32F4xx_HAL_Driver\Src\stm32f4xx_ll_sdmmc.o
 .text.SDMMC_GetCmdResp3
                0x08003334       0x48 Drivers\STM32F4xx_HAL_Driver\Src\stm32f4xx_ll_sdmmc.o
 .text.SDMMC_GetCmdResp1
                0x0800337c      0x12c Drivers\STM32F4xx_HAL_Driver\Src\stm32f4xx_ll_sdmmc.o
 .text.SDIO_Init
                0x080034a8       0x38 Drivers\STM32F4xx_HAL_Driver\Src\stm32f4xx_ll_sdmmc.o
                0x080034a8                SDIO_Init
 .text.SDIO_ReadFIFO
                0x080034e0        0x8 Drivers\STM32F4xx_HAL_Driver\Src\stm32f4xx_ll_sdmmc.o
                0x080034e0                SDIO_ReadFIFO
 .text.SDIO_WriteFIFO
                0x080034e8        0xc Drivers\STM32F4xx_HAL_Driver\Src\stm32f4xx_ll_sdmmc.o
                0x080034e8                SDIO_WriteFIFO
 .text.SDIO_PowerState_ON
                0x080034f4       0x10 Drivers\STM32F4xx_HAL_Driver\Src\stm32f4xx_ll_sdmmc.o
                0x080034f4                SDIO_PowerState_ON
 .text.SDIO_GetPowerState
                0x08003504        0x8 Drivers\STM32F4xx_HAL_Driver\Src\stm32f4xx_ll_sdmmc.o
                0x08003504                SDIO_GetPowerState
 .text.SDIO_GetResponse
                0x0800350c        0x8 Drivers\STM32F4xx_HAL_Driver\Src\stm32f4xx_ll_sdmmc.o
                0x0800350c                SDIO_GetResponse
 .text.SDIO_ConfigData
                0x08003514       0x28 Drivers\STM32F4xx_HAL_Driver\Src\stm32f4xx_ll_sdmmc.o
                0x08003514                SDIO_ConfigData
 .text.SDMMC_CmdBlockLength
                0x0800353c       0x1c Drivers\STM32F4xx_HAL_Driver\Src\stm32f4xx_ll_sdmmc.o
                0x0800353c                SDMMC_CmdBlockLength
 .text.SDMMC_CmdReadSingleBlock
                0x08003558       0x20 Drivers\STM32F4xx_HAL_Driver\Src\stm32f4xx_ll_sdmmc.o
                0x08003558                SDMMC_CmdReadSingleBlock
 .text.SDMMC_CmdReadMultiBlock
                0x08003578       0x20 Drivers\STM32F4xx_HAL_Driver\Src\stm32f4xx_ll_sdmmc.o
                0x08003578                SDMMC_CmdReadMultiBlock
 .text.SDMMC_CmdWriteSingleBlock
                0x08003598       0x1c Drivers\STM32F4xx_HAL_Driver\Src\stm32f4xx_ll_sdmmc.o
                0x08003598                SDMMC_CmdWriteSingleBlock
 .text.SDMMC_CmdWriteMultiBlock
                0x080035b4       0x20 Drivers\STM32F4xx_HAL_Driver\Src\stm32f4xx_ll_sdmmc.o
                0x080035b4                SDMMC_CmdWriteMultiBlock
 .text.SDMMC_CmdStopTransfer
                0x080035d4       0x24 Drivers\STM32F4xx_HAL_Driver\Src\stm32f4xx_ll_sdmmc.o
                0x080035d4                SDMMC_CmdStopTransfer
 .text.SDMMC_CmdSelDesel
                0x080035f8       0x20 Drivers\STM32F4xx_HAL_Driver\Src\stm32f4xx_ll_sdmmc.o
                0x080035f8                SDMMC_CmdSelDesel
 .text.SDMMC_CmdGoIdleState
                0x08003618       0x4c Drivers\STM32F4xx_HAL_Driver\Src\stm32f4xx_ll_sdmmc.o
                0x08003618                SDMMC_CmdGoIdleState
 .text.SDMMC_CmdOperCond
                0x08003664       0x78 Drivers\STM32F4xx_HAL_Driver\Src\stm32f4xx_ll_sdmmc.o
                0x08003664                SDMMC_CmdOperCond
 .text.SDMMC_CmdAppCommand
                0x080036dc       0x20 Drivers\STM32F4xx_HAL_Driver\Src\stm32f4xx_ll_sdmmc.o
                0x080036dc                SDMMC_CmdAppCommand
 .text.SDMMC_CmdAppOperCommand
                0x080036fc       0x24 Drivers\STM32F4xx_HAL_Driver\Src\stm32f4xx_ll_sdmmc.o
                0x080036fc                SDMMC_CmdAppOperCommand
 .text.SDMMC_CmdSendSCR
                0x08003720       0x24 Drivers\STM32F4xx_HAL_Driver\Src\stm32f4xx_ll_sdmmc.o
                0x08003720                SDMMC_CmdSendSCR
 .text.SDMMC_CmdSendCID
                0x08003744       0x1c Drivers\STM32F4xx_HAL_Driver\Src\stm32f4xx_ll_sdmmc.o
                0x08003744                SDMMC_CmdSendCID
 .text.SDMMC_CmdSendCSD
                0x08003760       0x1c Drivers\STM32F4xx_HAL_Driver\Src\stm32f4xx_ll_sdmmc.o
                0x08003760                SDMMC_CmdSendCSD
 .text.SDMMC_CmdSetRelAdd
                0x0800377c       0xac Drivers\STM32F4xx_HAL_Driver\Src\stm32f4xx_ll_sdmmc.o
                0x0800377c                SDMMC_CmdSetRelAdd
 .text.SDMMC_CmdSendStatus
                0x08003828       0x20 Drivers\STM32F4xx_HAL_Driver\Src\stm32f4xx_ll_sdmmc.o
                0x08003828                SDMMC_CmdSendStatus
 .text.SDMMC_CmdSwitch
                0x08003848       0x20 Drivers\STM32F4xx_HAL_Driver\Src\stm32f4xx_ll_sdmmc.o
                0x08003848                SDMMC_CmdSwitch
 .text.SDMMC_CmdBusWidth
                0x08003868        0x4 Drivers\STM32F4xx_HAL_Driver\Src\stm32f4xx_ll_sdmmc.o
                0x08003868                SDMMC_CmdBusWidth
 .text.disk_status
                0x0800386c       0x14 Middlewares\Third_Party\FatFs\src\diskio.o
                0x0800386c                disk_status
 .text.disk_initialize
                0x08003880       0x20 Middlewares\Third_Party\FatFs\src\diskio.o
                0x08003880                disk_initialize
 .text.disk_read
                0x080038a0       0x1c Middlewares\Third_Party\FatFs\src\diskio.o
                0x080038a0                disk_read
 .text.disk_write
                0x080038bc       0x1c Middlewares\Third_Party\FatFs\src\diskio.o
                0x080038bc                disk_write
 .text.disk_ioctl
                0x080038d8       0x1c Middlewares\Third_Party\FatFs\src\diskio.o
                0x080038d8                disk_ioctl
 .text.chk_lock
                0x080038f4       0x68 Middlewares\Third_Party\FatFs\src\ff.o
 .text.inc_lock
                0x0800395c       0x90 Middlewares\Third_Party\FatFs\src\ff.o
 .text.get_ldnumber
                0x080039ec       0x48 Middlewares\Third_Party\FatFs\src\ff.o
 .text.validate
                0x08003a34       0x44 Middlewares\Third_Party\FatFs\src\ff.o
 .text.mem_cpy.part.0
                0x08003a78       0x14 Middlewares\Third_Party\FatFs\src\ff.o
 .text.sync_window.part.4
                0x08003a8c       0x4c Middlewares\Third_Party\FatFs\src\ff.o
 .text.move_window
                0x08003ad8       0x40 Middlewares\Third_Party\FatFs\src\ff.o
 .text.sync_fs  0x08003b18       0xbc Middlewares\Third_Party\FatFs\src\ff.o
 .text.check_fs
                0x08003bd4       0x98 Middlewares\Third_Party\FatFs\src\ff.o
 .text.find_volume
                0x08003c6c      0x38c Middlewares\Third_Party\FatFs\src\ff.o
 .text.put_fat.part.6
                0x08003ff8      0x130 Middlewares\Third_Party\FatFs\src\ff.o
 .text.get_fat.isra.7
                0x08004128       0xf0 Middlewares\Third_Party\FatFs\src\ff.o
 .text.dir_sdi  0x08004218       0xa4 Middlewares\Third_Party\FatFs\src\ff.o
 .text.create_chain
                0x080042bc       0xd4 Middlewares\Third_Party\FatFs\src\ff.o
 .text.remove_chain
                0x08004390       0x8c Middlewares\Third_Party\FatFs\src\ff.o
 .text.dir_next
                0x0800441c      0x13c Middlewares\Third_Party\FatFs\src\ff.o
 .text.dir_remove
                0x08004558       0x5c Middlewares\Third_Party\FatFs\src\ff.o
 .text.dir_find
                0x080045b4      0x1b0 Middlewares\Third_Party\FatFs\src\ff.o
 .text.follow_path
                0x08004764      0x2f8 Middlewares\Third_Party\FatFs\src\ff.o
 .text.dir_register
                0x08004a5c      0x2f4 Middlewares\Third_Party\FatFs\src\ff.o
 .text.get_fileinfo
                0x08004d50       0xfc Middlewares\Third_Party\FatFs\src\ff.o
 .text.dir_read.constprop.9
                0x08004e4c      0x124 Middlewares\Third_Party\FatFs\src\ff.o
 .text.f_mount  0x08004f70       0x74 Middlewares\Third_Party\FatFs\src\ff.o
                0x08004f70                f_mount
 .text.f_open   0x08004fe4      0x284 Middlewares\Third_Party\FatFs\src\ff.o
                0x08004fe4                f_open
 .text.f_read   0x08005268      0x1ec Middlewares\Third_Party\FatFs\src\ff.o
                0x08005268                f_read
 .text.f_write  0x08005454      0x21c Middlewares\Third_Party\FatFs\src\ff.o
                0x08005454                f_write
 .text.f_sync   0x08005670       0xac Middlewares\Third_Party\FatFs\src\ff.o
                0x08005670                f_sync
 .text.f_close  0x0800571c       0x54 Middlewares\Third_Party\FatFs\src\ff.o
                0x0800571c                f_close
 .text.f_lseek  0x08005770      0x2bc Middlewares\Third_Party\FatFs\src\ff.o
                0x08005770                f_lseek
 .text.f_opendir
                0x08005a2c       0xa4 Middlewares\Third_Party\FatFs\src\ff.o
                0x08005a2c                f_opendir
 .text.f_closedir
                0x08005ad0       0x48 Middlewares\Third_Party\FatFs\src\ff.o
                0x08005ad0                f_closedir
 .text.f_readdir
                0x08005b18       0x48 Middlewares\Third_Party\FatFs\src\ff.o
                0x08005b18                f_readdir
 .text.f_unlink
                0x08005b60       0xb4 Middlewares\Third_Party\FatFs\src\ff.o
                0x08005b60                f_unlink
 .text.f_mkdir  0x08005c14      0x218 Middlewares\Third_Party\FatFs\src\ff.o
                0x08005c14                f_mkdir
 .text.f_rename
                0x08005e2c      0x140 Middlewares\Third_Party\FatFs\src\ff.o
                0x08005e2c                f_rename
 .text.FATFS_LinkDriver
                0x08005f6c       0x48 Middlewares\Third_Party\FatFs\src\ff_gen_drv.o
                0x08005f6c                FATFS_LinkDriver
 .text.ff_convert
                0x08005fb4       0x48 Middlewares\Third_Party\FatFs\src\option\ccsbcs.o
                0x08005fb4                ff_convert
 .text.ff_wtoupper
                0x08005ffc       0xa4 Middlewares\Third_Party\FatFs\src\option\ccsbcs.o
                0x08005ffc                ff_wtoupper
 .text.BSP_SD_Init
                0x080060a0       0x38 Src\bsp_driver_sd.o
                0x080060a0                BSP_SD_Init
 .text.BSP_SD_ReadBlocks
                0x080060d8       0x24 Src\bsp_driver_sd.o
                0x080060d8                BSP_SD_ReadBlocks
 .text.BSP_SD_WriteBlocks
                0x080060fc       0x24 Src\bsp_driver_sd.o
                0x080060fc                BSP_SD_WriteBlocks
 .text.BSP_SD_GetCardState
                0x08006120       0x14 Src\bsp_driver_sd.o
                0x08006120                BSP_SD_GetCardState
 .text.BSP_SD_GetCardInfo
                0x08006134        0xc Src\bsp_driver_sd.o
                0x08006134                BSP_SD_GetCardInfo
 .text.BSP_SD_AbortCallback
                0x08006140        0x4 Src\bsp_driver_sd.o
                0x08006140                BSP_SD_AbortCallback
 .text.HAL_SD_AbortCallback
                0x08006144        0x8 Src\bsp_driver_sd.o
                0x08006144                HAL_SD_AbortCallback
 .text.BSP_SD_WriteCpltCallback
                0x0800614c        0x4 Src\bsp_driver_sd.o
                0x0800614c                BSP_SD_WriteCpltCallback
 .text.HAL_SD_TxCpltCallback
                0x08006150        0x8 Src\bsp_driver_sd.o
                0x08006150                HAL_SD_TxCpltCallback
 .text.BSP_SD_ReadCpltCallback
                0x08006158        0x4 Src\bsp_driver_sd.o
                0x08006158                BSP_SD_ReadCpltCallback
 .text.HAL_SD_RxCpltCallback
                0x0800615c        0x8 Src\bsp_driver_sd.o
                0x0800615c                HAL_SD_RxCpltCallback
 .text.MX_FATFS_Init
                0x08006164       0x1c Src\fatfs.o
                0x08006164                MX_FATFS_Init
 .text.get_fattime
                0x08006180        0x4 Src\fatfs.o
                0x08006180                get_fattime
 .text.wavPause.part.1
                0x08006184       0x3c Src\main.o
 .text.wavResume.part.2
                0x080061c0       0x3c Src\main.o
 .text.filterAstrid.part.4
                0x080061fc       0x28 Src\main.o
 .text.analogRead
                0x08006224       0xac Src\main.o
                0x08006224                analogRead
 .text.initTimers
                0x080062d0       0xcc Src\main.o
                0x080062d0                initTimers
 .text.malloc_wav_buffers
                0x0800639c       0x64 Src\main.o
                0x0800639c                malloc_wav_buffers
 .text.free_wav_buffers
                0x08006400       0x50 Src\main.o
                0x08006400                free_wav_buffers
 .text.wavStop  0x08006450       0x58 Src\main.o
                0x08006450                wavStop
 .text.readNextWavBuffer
                0x080064a8       0xe0 Src\main.o
                0x080064a8                readNextWavBuffer
 .text.HAL_TIM_PeriodElapsedCallback
                0x08006588       0xf8 Src\main.o
                0x08006588                HAL_TIM_PeriodElapsedCallback
 .text.wavPlayFromPos
                0x08006680      0x138 Src\main.o
                0x08006680                wavPlayFromPos
 .text.wavPlay  0x080067b8      0x130 Src\main.o
                0x080067b8                wavPlay
 .text.setDataOutputDirection
                0x080068e8       0x64 Src\main.o
                0x080068e8                setDataOutputDirection
 .text.writeToBus
                0x0800694c       0x30 Src\main.o
                0x0800694c                writeToBus
 .text.begin    0x0800697c      0x1d0 Src\main.o
                0x0800697c                begin
 .text.setAddress
                0x08006b4c       0x84 Src\main.o
                0x08006b4c                setAddress
 .text.fillRect
                0x08006bd0       0xa8 Src\main.o
                0x08006bd0                fillRect
 .text.drawImage
                0x08006c78      0x1e4 Src\main.o
                0x08006c78                drawImage
 .text.drawPixel
                0x08006e5c       0x28 Src\main.o
                0x08006e5c                drawPixel
 .text.drawHorizontalLine
                0x08006e84       0x44 Src\main.o
                0x08006e84                drawHorizontalLine
 .text.drawVerticalLine
                0x08006ec8       0x44 Src\main.o
                0x08006ec8                drawVerticalLine
 .text.drawRect
                0x08006f0c       0x84 Src\main.o
                0x08006f0c                drawRect
 .text.setRotation
                0x08006f90       0x6c Src\main.o
                0x08006f90                setRotation
 .text.fillTriangle
                0x08006ffc      0x1e0 Src\main.o
                0x08006ffc                fillTriangle
 .text.drawChar
                0x080071dc       0x80 Src\main.o
                0x080071dc                drawChar
 .text.text     0x0800725c       0xbc Src\main.o
                0x0800725c                text
 .text.getRawPoint
                0x08007318      0x20c Src\main.o
                0x08007318                getRawPoint
 .text.mapPoint
                0x08007524      0x118 Src\main.o
                0x08007524                mapPoint
 .text.touchscreen
                0x0800763c      0x1a4 Src\main.o
                0x0800763c                touchscreen
 .text.screenPressed
                0x080077e0       0x24 Src\main.o
                0x080077e0                screenPressed
 .text.scan_files
                0x08007804       0x94 Src\main.o
                0x08007804                scan_files
 .text.moveBack
                0x08007898       0x3c Src\main.o
                0x08007898                moveBack
 .text.getName  0x080078d4       0x50 Src\main.o
                0x080078d4                getName
 .text.getFileState
                0x08007924       0x90 Src\main.o
                0x08007924                getFileState
 .text.update_musicPlayer
                0x080079b4      0x274 Src\main.o
                0x080079b4                update_musicPlayer
 .text.update_imageViewer
                0x08007c28       0x88 Src\main.o
                0x08007c28                update_imageViewer
 .text.drawIcon
                0x08007cb0       0xf8 Src\main.o
                0x08007cb0                drawIcon
 .text.update_fileManager
                0x08007da8      0x468 Src\main.o
                0x08007da8                update_fileManager
 .text.updateFolderMenu
                0x08008210      0x108 Src\main.o
                0x08008210                updateFolderMenu
 .text.updateFileMenu
                0x08008318       0xf8 Src\main.o
                0x08008318                updateFileMenu
 .text.confirmationDelete
                0x08008410      0x1a8 Src\main.o
                0x08008410                confirmationDelete
 .text.convertSizeToSTR
                0x080085b8       0xec Src\main.o
                0x080085b8                convertSizeToSTR
 .text.copy_file
                0x080086a4      0x1bc Src\main.o
                0x080086a4                copy_file
 .text.delete_node
                0x08008860       0xc0 Src\main.o
                0x08008860                delete_node
 .text.rm_dir   0x08008920       0x24 Src\main.o
                0x08008920                rm_dir
 .text.updateKeyboard
                0x08008944      0x1f8 Src\main.o
                0x08008944                updateKeyboard
 .text.keyBoard
                0x08008b3c      0x444 Src\main.o
                0x08008b3c                keyBoard
 .text.file_Manager_menu
                0x08008f80      0x618 Src\main.o
                0x08008f80                file_Manager_menu
 .text.musicPlayer
                0x08009598      0x400 Src\main.o
                0x08009598                musicPlayer
 .text.imageViewer
                0x08009998       0xa0 Src\main.o
                0x08009998                imageViewer
 .text.fileManager
                0x08009a38      0x3e0 Src\main.o
                0x08009a38                fileManager
 .text.File_Manager_App
                0x08009e18       0x40 Src\main.o
                0x08009e18                File_Manager_App
 .text.SystemClock_Config
                0x08009e58       0x98 Src\main.o
                0x08009e58                SystemClock_Config
 .text.startup.main
                0x08009ef0      0x278 Src\main.o
                0x08009ef0                main
 .text.Error_Handler
                0x0800a168        0x4 Src\main.o
                0x0800a168                Error_Handler
 .text.SD_initialize
                0x0800a16c       0x30 Src\sd_diskio.o
                0x0800a16c                SD_initialize
 .text.SD_status
                0x0800a19c       0x20 Src\sd_diskio.o
                0x0800a19c                SD_status
 .text.SD_read  0x0800a1bc       0x20 Src\sd_diskio.o
                0x0800a1bc                SD_read
 .text.SD_ioctl
                0x0800a1dc       0x58 Src\sd_diskio.o
                0x0800a1dc                SD_ioctl
 .text.SD_write
                0x0800a234       0x20 Src\sd_diskio.o
                0x0800a234                SD_write
 .text.HAL_MspInit
                0x0800a254       0x38 Src\stm32f4xx_hal_msp.o
                0x0800a254                HAL_MspInit
 .text.HAL_ADC_MspInit
                0x0800a28c       0x64 Src\stm32f4xx_hal_msp.o
                0x0800a28c                HAL_ADC_MspInit
 .text.HAL_DAC_MspInit
                0x0800a2f0       0xf0 Src\stm32f4xx_hal_msp.o
                0x0800a2f0                HAL_DAC_MspInit
 .text.HAL_RNG_MspInit
                0x0800a3e0       0x30 Src\stm32f4xx_hal_msp.o
                0x0800a3e0                HAL_RNG_MspInit
 .text.HAL_SD_MspInit
                0x0800a410      0x17c Src\stm32f4xx_hal_msp.o
                0x0800a410                HAL_SD_MspInit
 .text.HAL_TIM_Base_MspInit
                0x0800a58c       0x74 Src\stm32f4xx_hal_msp.o
                0x0800a58c                HAL_TIM_Base_MspInit
 .text.NMI_Handler
                0x0800a600        0x4 Src\stm32f4xx_it.o
                0x0800a600                NMI_Handler
 .text.HardFault_Handler
                0x0800a604        0x4 Src\stm32f4xx_it.o
                0x0800a604                HardFault_Handler
 .text.MemManage_Handler
                0x0800a608        0x4 Src\stm32f4xx_it.o
                0x0800a608                MemManage_Handler
 .text.BusFault_Handler
                0x0800a60c        0x4 Src\stm32f4xx_it.o
                0x0800a60c                BusFault_Handler
 .text.UsageFault_Handler
                0x0800a610        0x4 Src\stm32f4xx_it.o
                0x0800a610                UsageFault_Handler
 .text.SVC_Handler
                0x0800a614        0x4 Src\stm32f4xx_it.o
                0x0800a614                SVC_Handler
 .text.DebugMon_Handler
                0x0800a618        0x4 Src\stm32f4xx_it.o
                0x0800a618                DebugMon_Handler
 .text.PendSV_Handler
                0x0800a61c        0x4 Src\stm32f4xx_it.o
                0x0800a61c                PendSV_Handler
 .text.SysTick_Handler
                0x0800a620        0x4 Src\stm32f4xx_it.o
                0x0800a620                SysTick_Handler
 .text.DMA1_Stream5_IRQHandler
                0x0800a624        0xc Src\stm32f4xx_it.o
                0x0800a624                DMA1_Stream5_IRQHandler
 .text.DMA1_Stream6_IRQHandler
                0x0800a630        0xc Src\stm32f4xx_it.o
                0x0800a630                DMA1_Stream6_IRQHandler
 .text.SDIO_IRQHandler
                0x0800a63c        0xc Src\stm32f4xx_it.o
                0x0800a63c                SDIO_IRQHandler
 .text.TIM6_DAC_IRQHandler
                0x0800a648       0x1c Src\stm32f4xx_it.o
                0x0800a648                TIM6_DAC_IRQHandler
 .text.TIM7_IRQHandler
                0x0800a664        0xc Src\stm32f4xx_it.o
                0x0800a664                TIM7_IRQHandler
 .text.DMA2_Stream3_IRQHandler
                0x0800a670        0xc Src\stm32f4xx_it.o
                0x0800a670                DMA2_Stream3_IRQHandler
 .text.DMA2_Stream6_IRQHandler
                0x0800a67c        0xc Src\stm32f4xx_it.o
                0x0800a67c                DMA2_Stream6_IRQHandler
 .text._sbrk    0x0800a688       0x34 Src\syscalls.o
                0x0800a688                _sbrk
 .text.SystemInit
                0x0800a6bc       0x1c Src\system_stm32f4xx.o
                0x0800a6bc                SystemInit
 .text.Reset_Handler
                0x0800a6d8       0x50 startup\startup_stm32f407xx.o
                0x0800a6d8                Reset_Handler
 .text.Default_Handler
                0x0800a728        0x2 startup\startup_stm32f407xx.o
                0x0800a728                RTC_Alarm_IRQHandler
                0x0800a728                HASH_RNG_IRQHandler
                0x0800a728                EXTI2_IRQHandler
                0x0800a728                TIM8_CC_IRQHandler
                0x0800a728                TIM1_CC_IRQHandler
                0x0800a728                DMA2_Stream5_IRQHandler
                0x0800a728                PVD_IRQHandler
                0x0800a728                TAMP_STAMP_IRQHandler
                0x0800a728                CAN2_RX1_IRQHandler
                0x0800a728                EXTI3_IRQHandler
                0x0800a728                TIM8_TRG_COM_TIM14_IRQHandler
                0x0800a728                TIM1_UP_TIM10_IRQHandler
                0x0800a728                TIM8_UP_TIM13_IRQHandler
                0x0800a728                I2C3_ER_IRQHandler
                0x0800a728                EXTI0_IRQHandler
                0x0800a728                I2C2_EV_IRQHandler
                0x0800a728                DMA1_Stream2_IRQHandler
                0x0800a728                CAN1_RX0_IRQHandler
                0x0800a728                FPU_IRQHandler
                0x0800a728                OTG_HS_WKUP_IRQHandler
                0x0800a728                CAN2_SCE_IRQHandler
                0x0800a728                DMA2_Stream2_IRQHandler
                0x0800a728                SPI1_IRQHandler
                0x0800a728                TIM1_BRK_TIM9_IRQHandler
                0x0800a728                DCMI_IRQHandler
                0x0800a728                CAN2_RX0_IRQHandler
                0x0800a728                USART6_IRQHandler
                0x0800a728                USART3_IRQHandler
                0x0800a728                CAN1_RX1_IRQHandler
                0x0800a728                UART5_IRQHandler
                0x0800a728                DMA2_Stream0_IRQHandler
                0x0800a728                TIM4_IRQHandler
                0x0800a728                I2C1_EV_IRQHandler
                0x0800a728                DMA1_Stream1_IRQHandler
                0x0800a728                UART4_IRQHandler
                0x0800a728                TIM3_IRQHandler
                0x0800a728                RCC_IRQHandler
                0x0800a728                TIM8_BRK_TIM12_IRQHandler
                0x0800a728                Default_Handler
                0x0800a728                EXTI15_10_IRQHandler
                0x0800a728                ADC_IRQHandler
                0x0800a728                DMA1_Stream7_IRQHandler
                0x0800a728                CAN2_TX_IRQHandler
                0x0800a728                TIM5_IRQHandler
                0x0800a728                DMA2_Stream7_IRQHandler
                0x0800a728                I2C3_EV_IRQHandler
                0x0800a728                EXTI9_5_IRQHandler
                0x0800a728                RTC_WKUP_IRQHandler
                0x0800a728                ETH_WKUP_IRQHandler
                0x0800a728                SPI2_IRQHandler
                0x0800a728                OTG_HS_EP1_IN_IRQHandler
                0x0800a728                DMA1_Stream0_IRQHandler
                0x0800a728                CAN1_TX_IRQHandler
                0x0800a728                EXTI4_IRQHandler
                0x0800a728                FSMC_IRQHandler
                0x0800a728                ETH_IRQHandler
                0x0800a728                OTG_HS_EP1_OUT_IRQHandler
                0x0800a728                WWDG_IRQHandler
                0x0800a728                TIM2_IRQHandler
                0x0800a728                OTG_FS_WKUP_IRQHandler
                0x0800a728                TIM1_TRG_COM_TIM11_IRQHandler
                0x0800a728                OTG_HS_IRQHandler
                0x0800a728                EXTI1_IRQHandler
                0x0800a728                USART2_IRQHandler
                0x0800a728                I2C2_ER_IRQHandler
                0x0800a728                DMA2_Stream1_IRQHandler
                0x0800a728                CAN1_SCE_IRQHandler
                0x0800a728                FLASH_IRQHandler
                0x0800a728                DMA2_Stream4_IRQHandler
                0x0800a728                USART1_IRQHandler
                0x0800a728                OTG_FS_IRQHandler
                0x0800a728                SPI3_IRQHandler
                0x0800a728                DMA1_Stream4_IRQHandler
                0x0800a728                I2C1_ER_IRQHandler
                0x0800a728                DMA1_Stream3_IRQHandler
 *fill*         0x0800a72a        0x2 
 .text.__errno  0x0800a72c        0xc c:/program files (x86)/atollic/truestudio for stm32 9.3.0/armtools/bin/../lib/gcc/arm-atollic-eabi/6.3.1/../../../../arm-atollic-eabi/lib/armv7e-m/fpu\libc_nano.a(lib_a-errno.o)
                0x0800a72c                __errno
 .text.__libc_init_array
                0x0800a738       0x48 c:/program files (x86)/atollic/truestudio for stm32 9.3.0/armtools/bin/../lib/gcc/arm-atollic-eabi/6.3.1/../../../../arm-atollic-eabi/lib/armv7e-m/fpu\libc_nano.a(lib_a-init.o)
                0x0800a738                __libc_init_array
 .text.malloc   0x0800a780       0x10 c:/program files (x86)/atollic/truestudio for stm32 9.3.0/armtools/bin/../lib/gcc/arm-atollic-eabi/6.3.1/../../../../arm-atollic-eabi/lib/armv7e-m/fpu\libc_nano.a(lib_a-malloc.o)
                0x0800a780                malloc
 .text.free     0x0800a790       0x10 c:/program files (x86)/atollic/truestudio for stm32 9.3.0/armtools/bin/../lib/gcc/arm-atollic-eabi/6.3.1/../../../../arm-atollic-eabi/lib/armv7e-m/fpu\libc_nano.a(lib_a-malloc.o)
                0x0800a790                free
 .text.memcpy   0x0800a7a0       0x16 c:/program files (x86)/atollic/truestudio for stm32 9.3.0/armtools/bin/../lib/gcc/arm-atollic-eabi/6.3.1/../../../../arm-atollic-eabi/lib/armv7e-m/fpu\libc_nano.a(lib_a-memcpy-stub.o)
                0x0800a7a0                memcpy
 .text.memmove  0x0800a7b6       0x34 c:/program files (x86)/atollic/truestudio for stm32 9.3.0/armtools/bin/../lib/gcc/arm-atollic-eabi/6.3.1/../../../../arm-atollic-eabi/lib/armv7e-m/fpu\libc_nano.a(lib_a-memmove.o)
                0x0800a7b6                memmove
 .text.memset   0x0800a7ea       0x10 c:/program files (x86)/atollic/truestudio for stm32 9.3.0/armtools/bin/../lib/gcc/arm-atollic-eabi/6.3.1/../../../../arm-atollic-eabi/lib/armv7e-m/fpu\libc_nano.a(lib_a-memset.o)
                0x0800a7ea                memset
 *fill*         0x0800a7fa        0x2 
 .text._free_r  0x0800a7fc       0x9c c:/program files (x86)/atollic/truestudio for stm32 9.3.0/armtools/bin/../lib/gcc/arm-atollic-eabi/6.3.1/../../../../arm-atollic-eabi/lib/armv7e-m/fpu\libc_nano.a(lib_a-nano-freer.o)
                0x0800a7fc                _free_r
 .text._malloc_r
                0x0800a898       0xbc c:/program files (x86)/atollic/truestudio for stm32 9.3.0/armtools/bin/../lib/gcc/arm-atollic-eabi/6.3.1/../../../../arm-atollic-eabi/lib/armv7e-m/fpu\libc_nano.a(lib_a-nano-mallocr.o)
                0x0800a898                _malloc_r
 .text._sbrk_r  0x0800a954       0x20 c:/program files (x86)/atollic/truestudio for stm32 9.3.0/armtools/bin/../lib/gcc/arm-atollic-eabi/6.3.1/../../../../arm-atollic-eabi/lib/armv7e-m/fpu\libc_nano.a(lib_a-sbrkr.o)
                0x0800a954                _sbrk_r
 .text.sprintf  0x0800a974       0x48 c:/program files (x86)/atollic/truestudio for stm32 9.3.0/armtools/bin/../lib/gcc/arm-atollic-eabi/6.3.1/../../../../arm-atollic-eabi/lib/armv7e-m/fpu\libc_nano.a(lib_a-sprintf.o)
                0x0800a974                siprintf
                0x0800a974                sprintf
 .text.strcpy   0x0800a9bc       0x10 c:/program files (x86)/atollic/truestudio for stm32 9.3.0/armtools/bin/../lib/gcc/arm-atollic-eabi/6.3.1/../../../../arm-atollic-eabi/lib/armv7e-m/fpu\libc_nano.a(lib_a-strcpy.o)
                0x0800a9bc                strcpy
 .text.strrchr  0x0800a9cc       0x26 c:/program files (x86)/atollic/truestudio for stm32 9.3.0/armtools/bin/../lib/gcc/arm-atollic-eabi/6.3.1/../../../../arm-atollic-eabi/lib/armv7e-m/fpu\libc_nano.a(lib_a-strrchr.o)
                0x0800a9cc                strrchr
 .text.__malloc_lock
                0x0800a9f2        0x2 c:/program files (x86)/atollic/truestudio for stm32 9.3.0/armtools/bin/../lib/gcc/arm-atollic-eabi/6.3.1/../../../../arm-atollic-eabi/lib/armv7e-m/fpu\libc_nano.a(lib_a-mlock.o)
                0x0800a9f2                __malloc_lock
 .text.__malloc_unlock
                0x0800a9f4        0x2 c:/program files (x86)/atollic/truestudio for stm32 9.3.0/armtools/bin/../lib/gcc/arm-atollic-eabi/6.3.1/../../../../arm-atollic-eabi/lib/armv7e-m/fpu\libc_nano.a(lib_a-mlock.o)
                0x0800a9f4                __malloc_unlock
 .text.__ssputs_r
                0x0800a9f6       0xb6 c:/program files (x86)/atollic/truestudio for stm32 9.3.0/armtools/bin/../lib/gcc/arm-atollic-eabi/6.3.1/../../../../arm-atollic-eabi/lib/armv7e-m/fpu\libc_nano.a(lib_a-nano-svfprintf.o)
                0x0800a9f6                __ssputs_r
 .text._svfprintf_r
                0x0800aaac      0x1e8 c:/program files (x86)/atollic/truestudio for stm32 9.3.0/armtools/bin/../lib/gcc/arm-atollic-eabi/6.3.1/../../../../arm-atollic-eabi/lib/armv7e-m/fpu\libc_nano.a(lib_a-nano-svfprintf.o)
                0x0800aaac                _svfiprintf_r
                0x0800aaac                _svfprintf_r
 .text._printf_common
                0x0800ac94       0xec c:/program files (x86)/atollic/truestudio for stm32 9.3.0/armtools/bin/../lib/gcc/arm-atollic-eabi/6.3.1/../../../../arm-atollic-eabi/lib/armv7e-m/fpu\libc_nano.a(lib_a-nano-vfprintf_i.o)
                0x0800ac94                _printf_common
 .text._printf_i
                0x0800ad80      0x240 c:/program files (x86)/atollic/truestudio for stm32 9.3.0/armtools/bin/../lib/gcc/arm-atollic-eabi/6.3.1/../../../../arm-atollic-eabi/lib/armv7e-m/fpu\libc_nano.a(lib_a-nano-vfprintf_i.o)
                0x0800ad80                _printf_i
 .text.strchr   0x0800afc0       0x1c c:/program files (x86)/atollic/truestudio for stm32 9.3.0/armtools/bin/../lib/gcc/arm-atollic-eabi/6.3.1/../../../../arm-atollic-eabi/lib/armv7e-m/fpu\libc_nano.a(lib_a-strchr.o)
                0x0800afc0                strchr
 .text._realloc_r
                0x0800afdc       0x4c c:/program files (x86)/atollic/truestudio for stm32 9.3.0/armtools/bin/../lib/gcc/arm-atollic-eabi/6.3.1/../../../../arm-atollic-eabi/lib/armv7e-m/fpu\libc_nano.a(lib_a-nano-reallocr.o)
                0x0800afdc                _realloc_r
 .text._malloc_usable_size_r
                0x0800b028       0x12 c:/program files (x86)/atollic/truestudio for stm32 9.3.0/armtools/bin/../lib/gcc/arm-atollic-eabi/6.3.1/../../../../arm-atollic-eabi/lib/armv7e-m/fpu\libc_nano.a(lib_a-nano-msizer.o)
                0x0800b028                _malloc_usable_size_r
 *(.glue_7)
 .glue_7        0x0800b03a        0x0 linker stubs
 *(.glue_7t)
 .glue_7t       0x0800b03a        0x0 linker stubs
 *(.eh_frame)
 *fill*         0x0800b03a        0x2 
 .eh_frame      0x0800b03c        0x0 c:/program files (x86)/atollic/truestudio for stm32 9.3.0/armtools/bin/../lib/gcc/arm-atollic-eabi/6.3.1/armv7e-m/fpu/crtbegin.o
 *(.init)
 .init          0x0800b03c        0x4 c:/program files (x86)/atollic/truestudio for stm32 9.3.0/armtools/bin/../lib/gcc/arm-atollic-eabi/6.3.1/armv7e-m/fpu/crti.o
                0x0800b03c                _init
 .init          0x0800b040        0x8 c:/program files (x86)/atollic/truestudio for stm32 9.3.0/armtools/bin/../lib/gcc/arm-atollic-eabi/6.3.1/armv7e-m/fpu/crtn.o
 *(.fini)
 .fini          0x0800b048        0x4 c:/program files (x86)/atollic/truestudio for stm32 9.3.0/armtools/bin/../lib/gcc/arm-atollic-eabi/6.3.1/armv7e-m/fpu/crti.o
                0x0800b048                _fini
 .fini          0x0800b04c        0x8 c:/program files (x86)/atollic/truestudio for stm32 9.3.0/armtools/bin/../lib/gcc/arm-atollic-eabi/6.3.1/armv7e-m/fpu/crtn.o
                0x0800b054                . = ALIGN (0x4)
                0x0800b054                _etext = .

.vfp11_veneer   0x0800b054        0x0
 .vfp11_veneer  0x0800b054        0x0 linker stubs

.v4_bx          0x0800b054        0x0
 .v4_bx         0x0800b054        0x0 linker stubs

.iplt           0x0800b054        0x0
 .iplt          0x0800b054        0x0 c:/program files (x86)/atollic/truestudio for stm32 9.3.0/armtools/bin/../lib/gcc/arm-atollic-eabi/6.3.1/armv7e-m/fpu/crtbegin.o

.rodata         0x0800b054     0x194c
                0x0800b054                . = ALIGN (0x4)
 *(.rodata)
 .rodata        0x0800b054       0x20 Src\main.o
 *(.rodata*)
 .rodata.flagBitshiftOffset.8436
                0x0800b074        0x8 Drivers\STM32F4xx_HAL_Driver\Src\stm32f4xx_hal_dma.o
 .rodata.ExCvt  0x0800b07c       0x80 Middlewares\Third_Party\FatFs\src\ff.o
 .rodata.LfnOfs
                0x0800b0fc        0xd Middlewares\Third_Party\FatFs\src\ff.o
 *fill*         0x0800b109        0x3 
 .rodata.follow_path.str1.4
                0x0800b10c       0x13 Middlewares\Third_Party\FatFs\src\ff.o
 *fill*         0x0800b11f        0x1 
 .rodata.Tbl    0x0800b120      0x100 Middlewares\Third_Party\FatFs\src\option\ccsbcs.o
 .rodata.cvt1.9183
                0x0800b220      0x1f2 Middlewares\Third_Party\FatFs\src\option\ccsbcs.o
 *fill*         0x0800b412        0x2 
 .rodata.cvt2.9184
                0x0800b414       0xbc Middlewares\Third_Party\FatFs\src\option\ccsbcs.o
 .rodata.confirmationDelete.str1.4
                0x0800b4d0       0x14 Src\main.o
 .rodata.convertSizeToSTR.str1.4
                0x0800b4e4       0x15 Src\main.o
 *fill*         0x0800b4f9        0x3 
 .rodata.copy_file.str1.4
                0x0800b4fc        0x5 Src\main.o
 *fill*         0x0800b501        0x3 
 .rodata.file_Manager_menu.str1.4
                0x0800b504       0xa4 Src\main.o
 .rodata.font   0x0800b5a8      0x8c0 Src\main.o
                0x0800b5a8                font
 .rodata.getFileState.str1.4
                0x0800be68       0x12 Src\main.o
                                 0x1a (size before relaxing)
 .rodata.get_filename_ext.str1.4
                0x0800be7a       0x12 Src\main.o
                                  0x1 (size before relaxing)
 *fill*         0x0800be7a        0x2 
 .rodata.keyBoard.str1.4
                0x0800be7c       0x2a Src\main.o
 *fill*         0x0800bea6        0x2 
 .rodata.keyBoardChars
                0x0800bea8       0xe1 Src\main.o
                0x0800bea8                keyBoardChars
 *fill*         0x0800bf89        0x3 
 .rodata.keyBoardColors
                0x0800bf8c       0x6e Src\main.o
                0x0800bf8c                keyBoardColors
 *fill*         0x0800bffa        0x2 
 .rodata.keyBoardOffsets
                0x0800bffc       0x6e Src\main.o
                0x0800bffc                keyBoardOffsets
 *fill*         0x0800c06a        0x2 
 .rodata.keyBoardText
                0x0800c06c      0x546 Src\main.o
                0x0800c06c                keyBoardText
 *fill*         0x0800c5b2        0x2 
 .rodata.main.str1.4
                0x0800c5b4       0x38 Src\main.o
 .rodata.menu   0x0800c5ec       0x2a Src\main.o
                0x0800c5ec                menu
 *fill*         0x0800c616        0x2 
 .rodata.musicPlayer.str1.4
                0x0800c618       0x97 Src\main.o
 *fill*         0x0800c6af        0x1 
 .rodata.scan_files.str1.4
                0x0800c6b0        0x4 Src\main.o
 .rodata.update_fileManager.str1.4
                0x0800c6b4      0x118 Src\main.o
 .rodata.update_imageViewer.str1.4
                0x0800c7cc       0x6b Src\main.o
 *fill*         0x0800c837        0x1 
 .rodata.update_musicPlayer.str1.4
                0x0800c838      0x110 Src\main.o
                                0x10e (size before relaxing)
 .rodata.SD_Driver
                0x0800c948       0x14 Src\sd_diskio.o
                0x0800c948                SD_Driver
 .rodata.AHBPrescTable
                0x0800c95c       0x10 Src\system_stm32f4xx.o
                0x0800c95c                AHBPrescTable
 .rodata._svfprintf_r.str1.1
                0x0800c96c       0x11 c:/program files (x86)/atollic/truestudio for stm32 9.3.0/armtools/bin/../lib/gcc/arm-atollic-eabi/6.3.1/../../../../arm-atollic-eabi/lib/armv7e-m/fpu\libc_nano.a(lib_a-nano-svfprintf.o)
 .rodata._printf_i.str1.1
                0x0800c97d       0x22 c:/program files (x86)/atollic/truestudio for stm32 9.3.0/armtools/bin/../lib/gcc/arm-atollic-eabi/6.3.1/../../../../arm-atollic-eabi/lib/armv7e-m/fpu\libc_nano.a(lib_a-nano-vfprintf_i.o)
                0x0800c9a0                . = ALIGN (0x4)
 *fill*         0x0800c99f        0x1 

.ARM.extab
 *(.ARM.extab* .gnu.linkonce.armextab.*)

.ARM            0x0800c9a0        0x8
                0x0800c9a0                __exidx_start = .
 *(.ARM.exidx*)
 .ARM.exidx     0x0800c9a0        0x8 c:/program files (x86)/atollic/truestudio for stm32 9.3.0/armtools/bin/../lib/gcc/arm-atollic-eabi/6.3.1/armv7e-m/fpu\libgcc.a(_udivmoddi4.o)
                0x0800c9a8                __exidx_end = .

.rel.dyn        0x0800c9a8        0x0
 .rel.iplt      0x0800c9a8        0x0 c:/program files (x86)/atollic/truestudio for stm32 9.3.0/armtools/bin/../lib/gcc/arm-atollic-eabi/6.3.1/armv7e-m/fpu/crtbegin.o

.preinit_array  0x0800c9a8        0x0
                0x0800c9a8                PROVIDE (__preinit_array_start, .)
 *(.preinit_array*)
                0x0800c9a8                PROVIDE (__preinit_array_end, .)

.init_array     0x0800c9a8        0x4
                0x0800c9a8                PROVIDE (__init_array_start, .)
 *(SORT(.init_array.*))
 *(.init_array*)
 .init_array    0x0800c9a8        0x4 c:/program files (x86)/atollic/truestudio for stm32 9.3.0/armtools/bin/../lib/gcc/arm-atollic-eabi/6.3.1/armv7e-m/fpu/crtbegin.o
                0x0800c9ac                PROVIDE (__init_array_end, .)

.fini_array     0x0800c9ac        0x4
                [!provide]                PROVIDE (__fini_array_start, .)
 *(SORT(.fini_array.*))
 *(.fini_array*)
 .fini_array    0x0800c9ac        0x4 c:/program files (x86)/atollic/truestudio for stm32 9.3.0/armtools/bin/../lib/gcc/arm-atollic-eabi/6.3.1/armv7e-m/fpu/crtbegin.o
                [!provide]                PROVIDE (__fini_array_end, .)
                0x0800c9b0                _sidata = LOADADDR (.data)

.data           0x20000000       0x88 load address 0x0800c9b0
                0x20000000                . = ALIGN (0x4)
                0x20000000                _sdata = .
 *(.data)
 *(.data*)
 .data.uwTickFreq
                0x20000000        0x1 Drivers\STM32F4xx_HAL_Driver\Src\stm32f4xx_hal.o
                0x20000000                uwTickFreq
 *fill*         0x20000001        0x3 
 .data.uwTickPrio
                0x20000004        0x4 Drivers\STM32F4xx_HAL_Driver\Src\stm32f4xx_hal.o
                0x20000004                uwTickPrio
 .data.CursorY  0x20000008        0x4 Src\main.o
                0x20000008                CursorY
 .data.LCD_HEIGHT
                0x2000000c        0x4 Src\main.o
                0x2000000c                LCD_HEIGHT
 .data.LCD_WIDTH
                0x20000010        0x4 Src\main.o
                0x20000010                LCD_WIDTH
 .data.textCol  0x20000014        0x4 Src\main.o
                0x20000014                textCol
 .data.textSize
                0x20000018        0x4 Src\main.o
                0x20000018                textSize
 .data.Stat     0x2000001c        0x1 Src\sd_diskio.o
 *fill*         0x2000001d        0x3 
 .data.SystemCoreClock
                0x20000020        0x4 Src\system_stm32f4xx.o
                0x20000020                SystemCoreClock
 .data._impure_ptr
                0x20000024        0x4 c:/program files (x86)/atollic/truestudio for stm32 9.3.0/armtools/bin/../lib/gcc/arm-atollic-eabi/6.3.1/../../../../arm-atollic-eabi/lib/armv7e-m/fpu\libc_nano.a(lib_a-impure.o)
                0x20000024                _impure_ptr
 .data.impure_data
                0x20000028       0x60 c:/program files (x86)/atollic/truestudio for stm32 9.3.0/armtools/bin/../lib/gcc/arm-atollic-eabi/6.3.1/../../../../arm-atollic-eabi/lib/armv7e-m/fpu\libc_nano.a(lib_a-impure.o)
                0x20000088                . = ALIGN (0x4)
                0x20000088                _edata = .
                0x0800ca38                _siccmram = LOADADDR (.ccmram)

.igot.plt       0x20000088        0x0 load address 0x0800ca38
 .igot.plt      0x20000088        0x0 c:/program files (x86)/atollic/truestudio for stm32 9.3.0/armtools/bin/../lib/gcc/arm-atollic-eabi/6.3.1/armv7e-m/fpu/crtbegin.o

.ccmram         0x10000000        0x0 load address 0x0800ca38
                0x10000000                . = ALIGN (0x4)
                0x10000000                _sccmram = .
 *(.ccmram)
 *(.ccmram*)
                0x10000000                . = ALIGN (0x4)
                0x10000000                _eccmram = .
                0x10000000                . = ALIGN (0x4)

.bss            0x20000088     0x4b1c
                0x20000088                _sbss = .
                0x20000088                __bss_start__ = _sbss
 *(.bss)
 .bss           0x20000088       0x1c c:/program files (x86)/atollic/truestudio for stm32 9.3.0/armtools/bin/../lib/gcc/arm-atollic-eabi/6.3.1/armv7e-m/fpu/crtbegin.o
 *(.bss*)
 .bss.FatFs     0x200000a4        0x4 Middlewares\Third_Party\FatFs\src\ff.o
 .bss.Files     0x200000a8       0x20 Middlewares\Third_Party\FatFs\src\ff.o
 .bss.Fsid      0x200000c8        0x2 Middlewares\Third_Party\FatFs\src\ff.o
 *fill*         0x200000ca        0x2 
 .bss.LfnBuf    0x200000cc      0x200 Middlewares\Third_Party\FatFs\src\ff.o
 .bss.disk      0x200002cc        0xc Middlewares\Third_Party\FatFs\src\ff_gen_drv.o
                0x200002cc                disk
 .bss.C_Channel
                0x200002d8        0x4 Src\main.o
                0x200002d8                C_Channel
 .bss.SDState   0x200002dc        0x4 Src\main.o
                0x200002dc                SDState
 .bss.STRING    0x200002e0       0x20 Src\main.o
                0x200002e0                STRING
 .bss._Rotation
                0x20000300        0x4 Src\main.o
                0x20000300                _Rotation
 .bss._bitsPerSample
                0x20000304        0x2 Src\main.o
                0x20000304                _bitsPerSample
 .bss._buff_count
                0x20000306        0x2 Src\main.o
                0x20000306                _buff_count
 .bss._buff_updated
                0x20000308        0x4 Src\main.o
                0x20000308                _buff_updated
 .bss._fileSize
                0x2000030c        0x4 Src\main.o
                0x2000030c                _fileSize
 .bss._numChannels
                0x20000310        0x2 Src\main.o
                0x20000310                _numChannels
 .bss._sampleRate
                0x20000312        0x2 Src\main.o
                0x20000312                _sampleRate
 .bss.alignHor  0x20000314        0x4 Src\main.o
                0x20000314                alignHor
 .bss.alignVert
                0x20000318        0x4 Src\main.o
                0x20000318                alignVert
 .bss.buff      0x2000031c        0x2 Src\main.o
                0x2000031c                buff
 *fill*         0x2000031e        0x2 
 .bss.clipBoardState
                0x20000320        0x4 Src\main.o
                0x20000320                clipBoardState
 .bss.count     0x20000324        0x2 Src\main.o
                0x20000324                count
 *fill*         0x20000326        0x2 
 .bss.fno.11040
                0x20000328      0x118 Src\main.o
 .bss.interuptFlagWaiting
                0x20000440        0x1 Src\main.o
                0x20000440                interuptFlagWaiting
 *fill*         0x20000441        0x3 
 .bss.keyState  0x20000444        0x4 Src\main.o
                0x20000444                keyState
 .bss.length    0x20000448        0x4 Src\main.o
                0x20000448                length
 .bss.music_old_index
                0x2000044c        0x4 Src\main.o
                0x2000044c                music_old_index
 .bss.pixelColor
                0x20000450        0x4 Src\main.o
                0x20000450                pixelColor
 .bss.wavState  0x20000454        0x4 Src\main.o
                0x20000454                wavState
 .bss.heap_end.7010
                0x20000458        0x4 Src\syscalls.o
 .bss.__malloc_free_list
                0x2000045c        0x4 c:/program files (x86)/atollic/truestudio for stm32 9.3.0/armtools/bin/../lib/gcc/arm-atollic-eabi/6.3.1/../../../../arm-atollic-eabi/lib/armv7e-m/fpu\libc_nano.a(lib_a-nano-mallocr.o)
                0x2000045c                __malloc_free_list
 .bss.__malloc_sbrk_start
                0x20000460        0x4 c:/program files (x86)/atollic/truestudio for stm32 9.3.0/armtools/bin/../lib/gcc/arm-atollic-eabi/6.3.1/../../../../arm-atollic-eabi/lib/armv7e-m/fpu\libc_nano.a(lib_a-nano-mallocr.o)
                0x20000460                __malloc_sbrk_start
 *(COMMON)
 COMMON         0x20000464        0x4 Drivers\STM32F4xx_HAL_Driver\Src\stm32f4xx_hal.o
                0x20000464                uwTick
 COMMON         0x20000468     0x2070 Src\fatfs.o
                0x20000468                retSD
                0x2000046c                SDPath
                0x20000470                SDFile
                0x200014a0                SDFatFS
 COMMON         0x200024d8     0x26c8 Src\main.o
                0x200024d8                strINT
                0x2000250c                hdma_sdio_rx
                0x2000256c                _wav_file
                0x2000359c                WAV_BUFFER1C2
                0x200035a0                fno
                0x200036b8                fs
                0x200046f0                WAV_BUFFER2
                0x200046f4                hdma_dac1
                0x20004754                hadc1
                0x2000479c                hdac
                0x200047b0                WAV_BUFFER1
                0x200047b4                files
                0x200047b8                hdma_sdio_tx
                0x20004818                htim6
                0x20004858                d
                0x2000485c                hrng
                0x2000486c                hsd
                0x200048f0                WAV_BUFFER2C1
                0x200048f4                _wav_filename
                0x200049f4                fresult
                0x200049f8                clipBoard
                0x20004af8                hdma_dac2
                0x20004b58                WAV_BUFFER1C1
                0x20004b5c                htim7
                0x20004b9c                WAV_BUFFER2C2
 COMMON         0x20004ba0        0x4 c:/program files (x86)/atollic/truestudio for stm32 9.3.0/armtools/bin/../lib/gcc/arm-atollic-eabi/6.3.1/../../../../arm-atollic-eabi/lib/armv7e-m/fpu\libc_nano.a(lib_a-reent.o)
                0x20004ba0                errno
                0x20004ba4                . = ALIGN (0x4)
                0x20004ba4                _ebss = .
                0x20004ba4                __bss_end__ = _ebss

._user_heap_stack
                0x20004ba4      0x600
                0x20004ba4                . = ALIGN (0x4)
                0x20004ba4                PROVIDE (end, .)
                [!provide]                PROVIDE (_end, .)
                0x20004da4                . = (. + _Min_Heap_Size)
 *fill*         0x20004ba4      0x200 
                0x200051a4                . = (. + _Min_Stack_Size)
 *fill*         0x20004da4      0x400 
                0x200051a4                . = ALIGN (0x4)

/DISCARD/
 libc.a(*)
 libm.a(*)
 libgcc.a(*)

.ARM.attributes
                0x00000000       0x30
 *(.ARM.attributes)
 .ARM.attributes
                0x00000000       0x22 c:/program files (x86)/atollic/truestudio for stm32 9.3.0/armtools/bin/../lib/gcc/arm-atollic-eabi/6.3.1/armv7e-m/fpu/crti.o
 .ARM.attributes
                0x00000022       0x34 c:/program files (x86)/atollic/truestudio for stm32 9.3.0/armtools/bin/../lib/gcc/arm-atollic-eabi/6.3.1/armv7e-m/fpu/crtbegin.o
 .ARM.attributes
                0x00000056       0x39 Drivers\STM32F4xx_HAL_Driver\Src\stm32f4xx_hal.o
 .ARM.attributes
                0x0000008f       0x39 Drivers\STM32F4xx_HAL_Driver\Src\stm32f4xx_hal_adc.o
 .ARM.attributes
                0x000000c8       0x39 Drivers\STM32F4xx_HAL_Driver\Src\stm32f4xx_hal_cortex.o
 .ARM.attributes
                0x00000101       0x39 Drivers\STM32F4xx_HAL_Driver\Src\stm32f4xx_hal_dac.o
 .ARM.attributes
                0x0000013a       0x39 Drivers\STM32F4xx_HAL_Driver\Src\stm32f4xx_hal_dac_ex.o
 .ARM.attributes
                0x00000173       0x39 Drivers\STM32F4xx_HAL_Driver\Src\stm32f4xx_hal_dma.o
 .ARM.attributes
                0x000001ac       0x39 Drivers\STM32F4xx_HAL_Driver\Src\stm32f4xx_hal_gpio.o
 .ARM.attributes
                0x000001e5       0x39 Drivers\STM32F4xx_HAL_Driver\Src\stm32f4xx_hal_rcc.o
 .ARM.attributes
                0x0000021e       0x39 Drivers\STM32F4xx_HAL_Driver\Src\stm32f4xx_hal_rng.o
 .ARM.attributes
                0x00000257       0x39 Drivers\STM32F4xx_HAL_Driver\Src\stm32f4xx_hal_sd.o
 .ARM.attributes
                0x00000290       0x39 Drivers\STM32F4xx_HAL_Driver\Src\stm32f4xx_hal_tim.o
 .ARM.attributes
                0x000002c9       0x39 Drivers\STM32F4xx_HAL_Driver\Src\stm32f4xx_hal_tim_ex.o
 .ARM.attributes
                0x00000302       0x39 Drivers\STM32F4xx_HAL_Driver\Src\stm32f4xx_ll_sdmmc.o
 .ARM.attributes
                0x0000033b       0x39 Middlewares\Third_Party\FatFs\src\diskio.o
 .ARM.attributes
                0x00000374       0x39 Middlewares\Third_Party\FatFs\src\ff.o
 .ARM.attributes
                0x000003ad       0x39 Middlewares\Third_Party\FatFs\src\ff_gen_drv.o
 .ARM.attributes
                0x000003e6       0x39 Middlewares\Third_Party\FatFs\src\option\ccsbcs.o
 .ARM.attributes
                0x0000041f       0x39 Src\bsp_driver_sd.o
 .ARM.attributes
                0x00000458       0x39 Src\fatfs.o
 .ARM.attributes
                0x00000491       0x39 Src\main.o
 .ARM.attributes
                0x000004ca       0x39 Src\sd_diskio.o
 .ARM.attributes
                0x00000503       0x39 Src\stm32f4xx_hal_msp.o
 .ARM.attributes
                0x0000053c       0x39 Src\stm32f4xx_it.o
 .ARM.attributes
                0x00000575       0x39 Src\syscalls.o
 .ARM.attributes
                0x000005ae       0x39 Src\system_stm32f4xx.o
 .ARM.attributes
                0x000005e7       0x21 startup\startup_stm32f407xx.o
 .ARM.attributes
                0x00000608       0x34 c:/program files (x86)/atollic/truestudio for stm32 9.3.0/armtools/bin/../lib/gcc/arm-atollic-eabi/6.3.1/../../../../arm-atollic-eabi/lib/armv7e-m/fpu\libc_nano.a(lib_a-errno.o)
 .ARM.attributes
                0x0000063c       0x34 c:/program files (x86)/atollic/truestudio for stm32 9.3.0/armtools/bin/../lib/gcc/arm-atollic-eabi/6.3.1/../../../../arm-atollic-eabi/lib/armv7e-m/fpu\libc_nano.a(lib_a-impure.o)
 .ARM.attributes
                0x00000670       0x34 c:/program files (x86)/atollic/truestudio for stm32 9.3.0/armtools/bin/../lib/gcc/arm-atollic-eabi/6.3.1/../../../../arm-atollic-eabi/lib/armv7e-m/fpu\libc_nano.a(lib_a-init.o)
 .ARM.attributes
                0x000006a4       0x34 c:/program files (x86)/atollic/truestudio for stm32 9.3.0/armtools/bin/../lib/gcc/arm-atollic-eabi/6.3.1/../../../../arm-atollic-eabi/lib/armv7e-m/fpu\libc_nano.a(lib_a-malloc.o)
 .ARM.attributes
                0x000006d8       0x34 c:/program files (x86)/atollic/truestudio for stm32 9.3.0/armtools/bin/../lib/gcc/arm-atollic-eabi/6.3.1/../../../../arm-atollic-eabi/lib/armv7e-m/fpu\libc_nano.a(lib_a-memcpy-stub.o)
 .ARM.attributes
                0x0000070c       0x34 c:/program files (x86)/atollic/truestudio for stm32 9.3.0/armtools/bin/../lib/gcc/arm-atollic-eabi/6.3.1/../../../../arm-atollic-eabi/lib/armv7e-m/fpu\libc_nano.a(lib_a-memmove.o)
 .ARM.attributes
                0x00000740       0x34 c:/program files (x86)/atollic/truestudio for stm32 9.3.0/armtools/bin/../lib/gcc/arm-atollic-eabi/6.3.1/../../../../arm-atollic-eabi/lib/armv7e-m/fpu\libc_nano.a(lib_a-memset.o)
 .ARM.attributes
                0x00000774       0x34 c:/program files (x86)/atollic/truestudio for stm32 9.3.0/armtools/bin/../lib/gcc/arm-atollic-eabi/6.3.1/../../../../arm-atollic-eabi/lib/armv7e-m/fpu\libc_nano.a(lib_a-nano-freer.o)
 .ARM.attributes
                0x000007a8       0x34 c:/program files (x86)/atollic/truestudio for stm32 9.3.0/armtools/bin/../lib/gcc/arm-atollic-eabi/6.3.1/../../../../arm-atollic-eabi/lib/armv7e-m/fpu\libc_nano.a(lib_a-nano-mallocr.o)
 .ARM.attributes
                0x000007dc       0x34 c:/program files (x86)/atollic/truestudio for stm32 9.3.0/armtools/bin/../lib/gcc/arm-atollic-eabi/6.3.1/../../../../arm-atollic-eabi/lib/armv7e-m/fpu\libc_nano.a(lib_a-sbrkr.o)
 .ARM.attributes
                0x00000810       0x34 c:/program files (x86)/atollic/truestudio for stm32 9.3.0/armtools/bin/../lib/gcc/arm-atollic-eabi/6.3.1/../../../../arm-atollic-eabi/lib/armv7e-m/fpu\libc_nano.a(lib_a-sprintf.o)
 .ARM.attributes
                0x00000844       0x20 c:/program files (x86)/atollic/truestudio for stm32 9.3.0/armtools/bin/../lib/gcc/arm-atollic-eabi/6.3.1/../../../../arm-atollic-eabi/lib/armv7e-m/fpu\libc_nano.a(lib_a-strcmp.o)
 .ARM.attributes
                0x00000864       0x34 c:/program files (x86)/atollic/truestudio for stm32 9.3.0/armtools/bin/../lib/gcc/arm-atollic-eabi/6.3.1/../../../../arm-atollic-eabi/lib/armv7e-m/fpu\libc_nano.a(lib_a-strcpy.o)
 .ARM.attributes
                0x00000898       0x1b c:/program files (x86)/atollic/truestudio for stm32 9.3.0/armtools/bin/../lib/gcc/arm-atollic-eabi/6.3.1/../../../../arm-atollic-eabi/lib/armv7e-m/fpu\libc_nano.a(lib_a-strlen.o)
 .ARM.attributes
                0x000008b3       0x34 c:/program files (x86)/atollic/truestudio for stm32 9.3.0/armtools/bin/../lib/gcc/arm-atollic-eabi/6.3.1/../../../../arm-atollic-eabi/lib/armv7e-m/fpu\libc_nano.a(lib_a-strrchr.o)
 .ARM.attributes
                0x000008e7       0x34 c:/program files (x86)/atollic/truestudio for stm32 9.3.0/armtools/bin/../lib/gcc/arm-atollic-eabi/6.3.1/../../../../arm-atollic-eabi/lib/armv7e-m/fpu\libc_nano.a(lib_a-mlock.o)
 .ARM.attributes
                0x0000091b       0x34 c:/program files (x86)/atollic/truestudio for stm32 9.3.0/armtools/bin/../lib/gcc/arm-atollic-eabi/6.3.1/../../../../arm-atollic-eabi/lib/armv7e-m/fpu\libc_nano.a(lib_a-nano-svfprintf.o)
 .ARM.attributes
                0x0000094f       0x34 c:/program files (x86)/atollic/truestudio for stm32 9.3.0/armtools/bin/../lib/gcc/arm-atollic-eabi/6.3.1/../../../../arm-atollic-eabi/lib/armv7e-m/fpu\libc_nano.a(lib_a-nano-vfprintf_i.o)
 .ARM.attributes
                0x00000983       0x34 c:/program files (x86)/atollic/truestudio for stm32 9.3.0/armtools/bin/../lib/gcc/arm-atollic-eabi/6.3.1/../../../../arm-atollic-eabi/lib/armv7e-m/fpu\libc_nano.a(lib_a-reent.o)
 .ARM.attributes
                0x000009b7       0x34 c:/program files (x86)/atollic/truestudio for stm32 9.3.0/armtools/bin/../lib/gcc/arm-atollic-eabi/6.3.1/../../../../arm-atollic-eabi/lib/armv7e-m/fpu\libc_nano.a(lib_a-strchr.o)
 .ARM.attributes
                0x000009eb       0x20 c:/program files (x86)/atollic/truestudio for stm32 9.3.0/armtools/bin/../lib/gcc/arm-atollic-eabi/6.3.1/../../../../arm-atollic-eabi/lib/armv7e-m/fpu\libc_nano.a(lib_a-memchr.o)
 .ARM.attributes
                0x00000a0b       0x34 c:/program files (x86)/atollic/truestudio for stm32 9.3.0/armtools/bin/../lib/gcc/arm-atollic-eabi/6.3.1/../../../../arm-atollic-eabi/lib/armv7e-m/fpu\libc_nano.a(lib_a-nano-reallocr.o)
 .ARM.attributes
                0x00000a3f       0x34 c:/program files (x86)/atollic/truestudio for stm32 9.3.0/armtools/bin/../lib/gcc/arm-atollic-eabi/6.3.1/../../../../arm-atollic-eabi/lib/armv7e-m/fpu\libc_nano.a(lib_a-nano-msizer.o)
 .ARM.attributes
                0x00000a73       0x22 c:/program files (x86)/atollic/truestudio for stm32 9.3.0/armtools/bin/../lib/gcc/arm-atollic-eabi/6.3.1/armv7e-m/fpu\libgcc.a(_arm_addsubdf3.o)
 .ARM.attributes
                0x00000a95       0x22 c:/program files (x86)/atollic/truestudio for stm32 9.3.0/armtools/bin/../lib/gcc/arm-atollic-eabi/6.3.1/armv7e-m/fpu\libgcc.a(_arm_muldivdf3.o)
 .ARM.attributes
                0x00000ab7       0x22 c:/program files (x86)/atollic/truestudio for stm32 9.3.0/armtools/bin/../lib/gcc/arm-atollic-eabi/6.3.1/armv7e-m/fpu\libgcc.a(_arm_truncdfsf2.o)
 .ARM.attributes
                0x00000ad9       0x22 c:/program files (x86)/atollic/truestudio for stm32 9.3.0/armtools/bin/../lib/gcc/arm-atollic-eabi/6.3.1/armv7e-m/fpu\libgcc.a(_aeabi_uldivmod.o)
 .ARM.attributes
                0x00000afb       0x34 c:/program files (x86)/atollic/truestudio for stm32 9.3.0/armtools/bin/../lib/gcc/arm-atollic-eabi/6.3.1/armv7e-m/fpu\libgcc.a(_udivmoddi4.o)
 .ARM.attributes
                0x00000b2f       0x22 c:/program files (x86)/atollic/truestudio for stm32 9.3.0/armtools/bin/../lib/gcc/arm-atollic-eabi/6.3.1/armv7e-m/fpu\libgcc.a(_dvmd_tls.o)
 .ARM.attributes
                0x00000b51       0x22 c:/program files (x86)/atollic/truestudio for stm32 9.3.0/armtools/bin/../lib/gcc/arm-atollic-eabi/6.3.1/armv7e-m/fpu/crtn.o
OUTPUT(TrueStudio.elf elf32-littlearm)

.debug_info     0x00000000    0x2967c
 .debug_info    0x00000000      0xa14 Drivers\STM32F4xx_HAL_Driver\Src\stm32f4xx_hal.o
 .debug_info    0x00000a14      0xdfd Drivers\STM32F4xx_HAL_Driver\Src\stm32f4xx_hal_adc.o
 .debug_info    0x00001811      0xf8e Drivers\STM32F4xx_HAL_Driver\Src\stm32f4xx_hal_cortex.o
 .debug_info    0x0000279f      0xaf0 Drivers\STM32F4xx_HAL_Driver\Src\stm32f4xx_hal_dac.o
 .debug_info    0x0000328f      0x7db Drivers\STM32F4xx_HAL_Driver\Src\stm32f4xx_hal_dac_ex.o
 .debug_info    0x00003a6a      0xad5 Drivers\STM32F4xx_HAL_Driver\Src\stm32f4xx_hal_dma.o
 .debug_info    0x0000453f      0x7c8 Drivers\STM32F4xx_HAL_Driver\Src\stm32f4xx_hal_gpio.o
 .debug_info    0x00004d07      0xacf Drivers\STM32F4xx_HAL_Driver\Src\stm32f4xx_hal_rcc.o
 .debug_info    0x000057d6      0x669 Drivers\STM32F4xx_HAL_Driver\Src\stm32f4xx_hal_rng.o
 .debug_info    0x00005e3f     0x2384 Drivers\STM32F4xx_HAL_Driver\Src\stm32f4xx_hal_sd.o
 .debug_info    0x000081c3     0x38f2 Drivers\STM32F4xx_HAL_Driver\Src\stm32f4xx_hal_tim.o
 .debug_info    0x0000bab5     0x14cb Drivers\STM32F4xx_HAL_Driver\Src\stm32f4xx_hal_tim_ex.o
 .debug_info    0x0000cf80     0x1b19 Drivers\STM32F4xx_HAL_Driver\Src\stm32f4xx_ll_sdmmc.o
 .debug_info    0x0000ea99      0xd1f Middlewares\Third_Party\FatFs\src\diskio.o
 .debug_info    0x0000f7b8     0x628c Middlewares\Third_Party\FatFs\src\ff.o
 .debug_info    0x00015a44      0xdf7 Middlewares\Third_Party\FatFs\src\ff_gen_drv.o
 .debug_info    0x0001683b      0xad1 Middlewares\Third_Party\FatFs\src\option\ccsbcs.o
 .debug_info    0x0001730c      0xc6e Src\bsp_driver_sd.o
 .debug_info    0x00017f7a      0xdd3 Src\fatfs.o
 .debug_info    0x00018d4d     0xbe9e Src\main.o
 .debug_info    0x00024beb      0xf42 Src\sd_diskio.o
 .debug_info    0x00025b2d     0x18be Src\stm32f4xx_hal_msp.o
 .debug_info    0x000273eb      0xce2 Src\stm32f4xx_it.o
 .debug_info    0x000280cd      0xfe1 Src\syscalls.o
 .debug_info    0x000290ae      0x55b Src\system_stm32f4xx.o
 .debug_info    0x00029609       0x73 startup\startup_stm32f407xx.o

.debug_abbrev   0x00000000     0x4473
 .debug_abbrev  0x00000000      0x239 Drivers\STM32F4xx_HAL_Driver\Src\stm32f4xx_hal.o
 .debug_abbrev  0x00000239      0x2b0 Drivers\STM32F4xx_HAL_Driver\Src\stm32f4xx_hal_adc.o
 .debug_abbrev  0x000004e9      0x314 Drivers\STM32F4xx_HAL_Driver\Src\stm32f4xx_hal_cortex.o
 .debug_abbrev  0x000007fd      0x25a Drivers\STM32F4xx_HAL_Driver\Src\stm32f4xx_hal_dac.o
 .debug_abbrev  0x00000a57      0x23d Drivers\STM32F4xx_HAL_Driver\Src\stm32f4xx_hal_dac_ex.o
 .debug_abbrev  0x00000c94      0x2de Drivers\STM32F4xx_HAL_Driver\Src\stm32f4xx_hal_dma.o
 .debug_abbrev  0x00000f72      0x1fe Drivers\STM32F4xx_HAL_Driver\Src\stm32f4xx_hal_gpio.o
 .debug_abbrev  0x00001170      0x2be Drivers\STM32F4xx_HAL_Driver\Src\stm32f4xx_hal_rcc.o
 .debug_abbrev  0x0000142e      0x26a Drivers\STM32F4xx_HAL_Driver\Src\stm32f4xx_hal_rng.o
 .debug_abbrev  0x00001698      0x375 Drivers\STM32F4xx_HAL_Driver\Src\stm32f4xx_hal_sd.o
 .debug_abbrev  0x00001a0d      0x341 Drivers\STM32F4xx_HAL_Driver\Src\stm32f4xx_hal_tim.o
 .debug_abbrev  0x00001d4e      0x2ce Drivers\STM32F4xx_HAL_Driver\Src\stm32f4xx_hal_tim_ex.o
 .debug_abbrev  0x0000201c      0x2b4 Drivers\STM32F4xx_HAL_Driver\Src\stm32f4xx_ll_sdmmc.o
 .debug_abbrev  0x000022d0      0x23d Middlewares\Third_Party\FatFs\src\diskio.o
 .debug_abbrev  0x0000250d      0x411 Middlewares\Third_Party\FatFs\src\ff.o
 .debug_abbrev  0x0000291e      0x2d0 Middlewares\Third_Party\FatFs\src\ff_gen_drv.o
 .debug_abbrev  0x00002bee      0x1ea Middlewares\Third_Party\FatFs\src\option\ccsbcs.o
 .debug_abbrev  0x00002dd8      0x2c8 Src\bsp_driver_sd.o
 .debug_abbrev  0x000030a0      0x204 Src\fatfs.o
 .debug_abbrev  0x000032a4      0x69e Src\main.o
 .debug_abbrev  0x00003942      0x2d3 Src\sd_diskio.o
 .debug_abbrev  0x00003c15      0x253 Src\stm32f4xx_hal_msp.o
 .debug_abbrev  0x00003e68      0x1fa Src\stm32f4xx_it.o
 .debug_abbrev  0x00004062      0x2d9 Src\syscalls.o
 .debug_abbrev  0x0000433b      0x126 Src\system_stm32f4xx.o
 .debug_abbrev  0x00004461       0x12 startup\startup_stm32f407xx.o

.debug_loc      0x00000000    0x1b8b5
 .debug_loc     0x00000000      0x12f Drivers\STM32F4xx_HAL_Driver\Src\stm32f4xx_hal.o
 .debug_loc     0x0000012f      0x8f2 Drivers\STM32F4xx_HAL_Driver\Src\stm32f4xx_hal_adc.o
 .debug_loc     0x00000a21      0x682 Drivers\STM32F4xx_HAL_Driver\Src\stm32f4xx_hal_cortex.o
 .debug_loc     0x000010a3      0x7a2 Drivers\STM32F4xx_HAL_Driver\Src\stm32f4xx_hal_dac.o
 .debug_loc     0x00001845      0x268 Drivers\STM32F4xx_HAL_Driver\Src\stm32f4xx_hal_dac_ex.o
 .debug_loc     0x00001aad      0x781 Drivers\STM32F4xx_HAL_Driver\Src\stm32f4xx_hal_dma.o
 .debug_loc     0x0000222e      0x46c Drivers\STM32F4xx_HAL_Driver\Src\stm32f4xx_hal_gpio.o
 .debug_loc     0x0000269a      0x3d2 Drivers\STM32F4xx_HAL_Driver\Src\stm32f4xx_hal_rcc.o
 .debug_loc     0x00002a6c      0x3a6 Drivers\STM32F4xx_HAL_Driver\Src\stm32f4xx_hal_rng.o
 .debug_loc     0x00002e12     0x1cc2 Drivers\STM32F4xx_HAL_Driver\Src\stm32f4xx_hal_sd.o
 .debug_loc     0x00004ad4     0x4551 Drivers\STM32F4xx_HAL_Driver\Src\stm32f4xx_hal_tim.o
 .debug_loc     0x00009025     0x113e Drivers\STM32F4xx_HAL_Driver\Src\stm32f4xx_hal_tim_ex.o
 .debug_loc     0x0000a163     0x16a3 Drivers\STM32F4xx_HAL_Driver\Src\stm32f4xx_ll_sdmmc.o
 .debug_loc     0x0000b806      0x1c6 Middlewares\Third_Party\FatFs\src\diskio.o
 .debug_loc     0x0000b9cc     0x7dab Middlewares\Third_Party\FatFs\src\ff.o
 .debug_loc     0x00013777      0x382 Middlewares\Third_Party\FatFs\src\ff_gen_drv.o
 .debug_loc     0x00013af9      0x32f Middlewares\Third_Party\FatFs\src\option\ccsbcs.o
 .debug_loc     0x00013e28      0x435 Src\bsp_driver_sd.o
 .debug_loc     0x0001425d     0x6c42 Src\main.o
 .debug_loc     0x0001ae9f      0x3e2 Src\sd_diskio.o
 .debug_loc     0x0001b281      0x14a Src\stm32f4xx_hal_msp.o
 .debug_loc     0x0001b3cb      0x39e Src\syscalls.o
 .debug_loc     0x0001b769      0x14c Src\system_stm32f4xx.o

.debug_aranges  0x00000000     0x1300
 .debug_aranges
                0x00000000       0xe8 Drivers\STM32F4xx_HAL_Driver\Src\stm32f4xx_hal.o
 .debug_aranges
                0x000000e8       0xb8 Drivers\STM32F4xx_HAL_Driver\Src\stm32f4xx_hal_adc.o
 .debug_aranges
                0x000001a0       0xa8 Drivers\STM32F4xx_HAL_Driver\Src\stm32f4xx_hal_cortex.o
 .debug_aranges
                0x00000248       0x98 Drivers\STM32F4xx_HAL_Driver\Src\stm32f4xx_hal_dac.o
 .debug_aranges
                0x000002e0       0x58 Drivers\STM32F4xx_HAL_Driver\Src\stm32f4xx_hal_dac_ex.o
 .debug_aranges
                0x00000338       0x78 Drivers\STM32F4xx_HAL_Driver\Src\stm32f4xx_hal_dma.o
 .debug_aranges
                0x000003b0       0x58 Drivers\STM32F4xx_HAL_Driver\Src\stm32f4xx_hal_gpio.o
 .debug_aranges
                0x00000408       0x88 Drivers\STM32F4xx_HAL_Driver\Src\stm32f4xx_hal_rcc.o
 .debug_aranges
                0x00000490       0x80 Drivers\STM32F4xx_HAL_Driver\Src\stm32f4xx_hal_rng.o
 .debug_aranges
                0x00000510       0xf0 Drivers\STM32F4xx_HAL_Driver\Src\stm32f4xx_hal_sd.o
 .debug_aranges
                0x00000600      0x278 Drivers\STM32F4xx_HAL_Driver\Src\stm32f4xx_hal_tim.o
 .debug_aranges
                0x00000878       0xf0 Drivers\STM32F4xx_HAL_Driver\Src\stm32f4xx_hal_tim_ex.o
 .debug_aranges
                0x00000968      0x150 Drivers\STM32F4xx_HAL_Driver\Src\stm32f4xx_ll_sdmmc.o
 .debug_aranges
                0x00000ab8       0x48 Middlewares\Third_Party\FatFs\src\diskio.o
 .debug_aranges
                0x00000b00      0x180 Middlewares\Third_Party\FatFs\src\ff.o
 .debug_aranges
                0x00000c80       0x48 Middlewares\Third_Party\FatFs\src\ff_gen_drv.o
 .debug_aranges
                0x00000cc8       0x28 Middlewares\Third_Party\FatFs\src\option\ccsbcs.o
 .debug_aranges
                0x00000cf0       0xa8 Src\bsp_driver_sd.o
 .debug_aranges
                0x00000d98       0x28 Src\fatfs.o
 .debug_aranges
                0x00000dc0      0x310 Src\main.o
 .debug_aranges
                0x000010d0       0x40 Src\sd_diskio.o
 .debug_aranges
                0x00001110       0x70 Src\stm32f4xx_hal_msp.o
 .debug_aranges
                0x00001180       0x80 Src\stm32f4xx_it.o
 .debug_aranges
                0x00001200       0xb0 Src\syscalls.o
 .debug_aranges
                0x000012b0       0x28 Src\system_stm32f4xx.o
 .debug_aranges
                0x000012d8       0x28 startup\startup_stm32f407xx.o

.debug_ranges   0x00000000     0x39d0
 .debug_ranges  0x00000000       0xd8 Drivers\STM32F4xx_HAL_Driver\Src\stm32f4xx_hal.o
 .debug_ranges  0x000000d8       0xd0 Drivers\STM32F4xx_HAL_Driver\Src\stm32f4xx_hal_adc.o
 .debug_ranges  0x000001a8      0x160 Drivers\STM32F4xx_HAL_Driver\Src\stm32f4xx_hal_cortex.o
 .debug_ranges  0x00000308       0x88 Drivers\STM32F4xx_HAL_Driver\Src\stm32f4xx_hal_dac.o
 .debug_ranges  0x00000390       0x48 Drivers\STM32F4xx_HAL_Driver\Src\stm32f4xx_hal_dac_ex.o
 .debug_ranges  0x000003d8      0x108 Drivers\STM32F4xx_HAL_Driver\Src\stm32f4xx_hal_dma.o
 .debug_ranges  0x000004e0       0x60 Drivers\STM32F4xx_HAL_Driver\Src\stm32f4xx_hal_gpio.o
 .debug_ranges  0x00000540      0x100 Drivers\STM32F4xx_HAL_Driver\Src\stm32f4xx_hal_rcc.o
 .debug_ranges  0x00000640       0x88 Drivers\STM32F4xx_HAL_Driver\Src\stm32f4xx_hal_rng.o
 .debug_ranges  0x000006c8      0x1d0 Drivers\STM32F4xx_HAL_Driver\Src\stm32f4xx_hal_sd.o
 .debug_ranges  0x00000898      0x498 Drivers\STM32F4xx_HAL_Driver\Src\stm32f4xx_hal_tim.o
 .debug_ranges  0x00000d30       0xe0 Drivers\STM32F4xx_HAL_Driver\Src\stm32f4xx_hal_tim_ex.o
 .debug_ranges  0x00000e10      0x2e8 Drivers\STM32F4xx_HAL_Driver\Src\stm32f4xx_ll_sdmmc.o
 .debug_ranges  0x000010f8       0x38 Middlewares\Third_Party\FatFs\src\diskio.o
 .debug_ranges  0x00001130      0xd80 Middlewares\Third_Party\FatFs\src\ff.o
 .debug_ranges  0x00001eb0       0x68 Middlewares\Third_Party\FatFs\src\ff_gen_drv.o
 .debug_ranges  0x00001f18       0x18 Middlewares\Third_Party\FatFs\src\option\ccsbcs.o
 .debug_ranges  0x00001f30       0x98 Src\bsp_driver_sd.o
 .debug_ranges  0x00001fc8       0x18 Src\fatfs.o
 .debug_ranges  0x00001fe0     0x1750 Src\main.o
 .debug_ranges  0x00003730       0x30 Src\sd_diskio.o
 .debug_ranges  0x00003760      0x128 Src\stm32f4xx_hal_msp.o
 .debug_ranges  0x00003888       0x70 Src\stm32f4xx_it.o
 .debug_ranges  0x000038f8       0xa0 Src\syscalls.o
 .debug_ranges  0x00003998       0x18 Src\system_stm32f4xx.o
 .debug_ranges  0x000039b0       0x20 startup\startup_stm32f407xx.o

.debug_line     0x00000000     0xc188
 .debug_line    0x00000000      0x423 Drivers\STM32F4xx_HAL_Driver\Src\stm32f4xx_hal.o
 .debug_line    0x00000423      0x83a Drivers\STM32F4xx_HAL_Driver\Src\stm32f4xx_hal_adc.o
 .debug_line    0x00000c5d      0x498 Drivers\STM32F4xx_HAL_Driver\Src\stm32f4xx_hal_cortex.o
 .debug_line    0x000010f5      0x522 Drivers\STM32F4xx_HAL_Driver\Src\stm32f4xx_hal_dac.o
 .debug_line    0x00001617      0x361 Drivers\STM32F4xx_HAL_Driver\Src\stm32f4xx_hal_dac_ex.o
 .debug_line    0x00001978      0x68a Drivers\STM32F4xx_HAL_Driver\Src\stm32f4xx_hal_dma.o
 .debug_line    0x00002002      0x448 Drivers\STM32F4xx_HAL_Driver\Src\stm32f4xx_hal_gpio.o
 .debug_line    0x0000244a      0x596 Drivers\STM32F4xx_HAL_Driver\Src\stm32f4xx_hal_rcc.o
 .debug_line    0x000029e0      0x3f0 Drivers\STM32F4xx_HAL_Driver\Src\stm32f4xx_hal_rng.o
 .debug_line    0x00002dd0      0xc53 Drivers\STM32F4xx_HAL_Driver\Src\stm32f4xx_hal_sd.o
 .debug_line    0x00003a23     0x1653 Drivers\STM32F4xx_HAL_Driver\Src\stm32f4xx_hal_tim.o
 .debug_line    0x00005076      0x847 Drivers\STM32F4xx_HAL_Driver\Src\stm32f4xx_hal_tim_ex.o
 .debug_line    0x000058bd      0x76c Drivers\STM32F4xx_HAL_Driver\Src\stm32f4xx_ll_sdmmc.o
 .debug_line    0x00006029      0x36e Middlewares\Third_Party\FatFs\src\diskio.o
 .debug_line    0x00006397     0x1b17 Middlewares\Third_Party\FatFs\src\ff.o
 .debug_line    0x00007eae      0x3b6 Middlewares\Third_Party\FatFs\src\ff_gen_drv.o
 .debug_line    0x00008264      0x378 Middlewares\Third_Party\FatFs\src\option\ccsbcs.o
 .debug_line    0x000085dc      0x37a Src\bsp_driver_sd.o
 .debug_line    0x00008956      0x34b Src\fatfs.o
 .debug_line    0x00008ca1     0x22aa Src\main.o
 .debug_line    0x0000af4b      0x3d9 Src\sd_diskio.o
 .debug_line    0x0000b324      0x4e5 Src\stm32f4xx_hal_msp.o
 .debug_line    0x0000b809      0x332 Src\stm32f4xx_it.o
 .debug_line    0x0000bb3b      0x3b9 Src\syscalls.o
 .debug_line    0x0000bef4      0x215 Src\system_stm32f4xx.o
 .debug_line    0x0000c109       0x7f startup\startup_stm32f407xx.o

.debug_str      0x00000000     0x638b
 .debug_str     0x00000000      0xb4a Drivers\STM32F4xx_HAL_Driver\Src\stm32f4xx_hal.o
                                0xbbd (size before relaxing)
 .debug_str     0x00000b4a      0x6be Drivers\STM32F4xx_HAL_Driver\Src\stm32f4xx_hal_adc.o
                                0xa25 (size before relaxing)
 .debug_str     0x00001208      0x4a1 Drivers\STM32F4xx_HAL_Driver\Src\stm32f4xx_hal_cortex.o
                                0xcfc (size before relaxing)
 .debug_str     0x000016a9      0x347 Drivers\STM32F4xx_HAL_Driver\Src\stm32f4xx_hal_dac.o
                                0x8a4 (size before relaxing)
 .debug_str     0x000019f0      0x143 Drivers\STM32F4xx_HAL_Driver\Src\stm32f4xx_hal_dac_ex.o
                                0x794 (size before relaxing)
 .debug_str     0x00001b33      0x2ef Drivers\STM32F4xx_HAL_Driver\Src\stm32f4xx_hal_dma.o
                                0x848 (size before relaxing)
 .debug_str     0x00001e22      0x1cc Drivers\STM32F4xx_HAL_Driver\Src\stm32f4xx_hal_gpio.o
                                0x5c2 (size before relaxing)