Archive member included to satisfy reference by file (symbol)

c:/program files (x86)/atollic/truestudio for stm32 9.3.0/armtools/bin/../lib/gcc/arm-atollic-eabi/6.3.1/../../../../arm-atollic-eabi/lib/armv7e-m/fpu\libc_nano.a(lib_a-errno.o)
                              Src\syscalls.o (__errno)
c:/program files (x86)/atollic/truestudio for stm32 9.3.0/armtools/bin/../lib/gcc/arm-atollic-eabi/6.3.1/../../../../arm-atollic-eabi/lib/armv7e-m/fpu\libc_nano.a(lib_a-impure.o)
                              c:/program files (x86)/atollic/truestudio for stm32 9.3.0/armtools/bin/../lib/gcc/arm-atollic-eabi/6.3.1/../../../../arm-atollic-eabi/lib/armv7e-m/fpu\libc_nano.a(lib_a-errno.o) (_impure_ptr)
c:/program files (x86)/atollic/truestudio for stm32 9.3.0/armtools/bin/../lib/gcc/arm-atollic-eabi/6.3.1/../../../../arm-atollic-eabi/lib/armv7e-m/fpu\libc_nano.a(lib_a-init.o)
                              startup\startup_stm32f407xx.o (__libc_init_array)
c:/program files (x86)/atollic/truestudio for stm32 9.3.0/armtools/bin/../lib/gcc/arm-atollic-eabi/6.3.1/../../../../arm-atollic-eabi/lib/armv7e-m/fpu\libc_nano.a(lib_a-memset.o)
                              Src\main.o (memset)
c:/program files (x86)/atollic/truestudio for stm32 9.3.0/armtools/bin/../lib/gcc/arm-atollic-eabi/6.3.1/../../../../arm-atollic-eabi/lib/armv7e-m/fpu\libc_nano.a(lib_a-sprintf.o)
                              Src\main.o (sprintf)
c:/program files (x86)/atollic/truestudio for stm32 9.3.0/armtools/bin/../lib/gcc/arm-atollic-eabi/6.3.1/../../../../arm-atollic-eabi/lib/armv7e-m/fpu\libc_nano.a(lib_a-strlen.o)
                              Src\main.o (strlen)
c:/program files (x86)/atollic/truestudio for stm32 9.3.0/armtools/bin/../lib/gcc/arm-atollic-eabi/6.3.1/../../../../arm-atollic-eabi/lib/armv7e-m/fpu\libc_nano.a(lib_a-nano-svfprintf.o)
                              c:/program files (x86)/atollic/truestudio for stm32 9.3.0/armtools/bin/../lib/gcc/arm-atollic-eabi/6.3.1/../../../../arm-atollic-eabi/lib/armv7e-m/fpu\libc_nano.a(lib_a-sprintf.o) (_svfprintf_r)
c:/program files (x86)/atollic/truestudio for stm32 9.3.0/armtools/bin/../lib/gcc/arm-atollic-eabi/6.3.1/../../../../arm-atollic-eabi/lib/armv7e-m/fpu\libc_nano.a(lib_a-nano-vfprintf_i.o)
                              c:/program files (x86)/atollic/truestudio for stm32 9.3.0/armtools/bin/../lib/gcc/arm-atollic-eabi/6.3.1/../../../../arm-atollic-eabi/lib/armv7e-m/fpu\libc_nano.a(lib_a-nano-svfprintf.o) (_printf_i)
c:/program files (x86)/atollic/truestudio for stm32 9.3.0/armtools/bin/../lib/gcc/arm-atollic-eabi/6.3.1/../../../../arm-atollic-eabi/lib/armv7e-m/fpu\libc_nano.a(lib_a-memchr.o)
                              c:/program files (x86)/atollic/truestudio for stm32 9.3.0/armtools/bin/../lib/gcc/arm-atollic-eabi/6.3.1/../../../../arm-atollic-eabi/lib/armv7e-m/fpu\libc_nano.a(lib_a-nano-svfprintf.o) (memchr)
c:/program files (x86)/atollic/truestudio for stm32 9.3.0/armtools/bin/../lib/gcc/arm-atollic-eabi/6.3.1/../../../../arm-atollic-eabi/lib/armv7e-m/fpu\libc_nano.a(lib_a-memcpy-stub.o)
                              c:/program files (x86)/atollic/truestudio for stm32 9.3.0/armtools/bin/../lib/gcc/arm-atollic-eabi/6.3.1/../../../../arm-atollic-eabi/lib/armv7e-m/fpu\libc_nano.a(lib_a-nano-svfprintf.o) (memcpy)
c:/program files (x86)/atollic/truestudio for stm32 9.3.0/armtools/bin/../lib/gcc/arm-atollic-eabi/6.3.1/../../../../arm-atollic-eabi/lib/armv7e-m/fpu\libc_nano.a(lib_a-memmove.o)
                              c:/program files (x86)/atollic/truestudio for stm32 9.3.0/armtools/bin/../lib/gcc/arm-atollic-eabi/6.3.1/../../../../arm-atollic-eabi/lib/armv7e-m/fpu\libc_nano.a(lib_a-nano-svfprintf.o) (memmove)
c:/program files (x86)/atollic/truestudio for stm32 9.3.0/armtools/bin/../lib/gcc/arm-atollic-eabi/6.3.1/../../../../arm-atollic-eabi/lib/armv7e-m/fpu\libc_nano.a(lib_a-nano-freer.o)
                              c:/program files (x86)/atollic/truestudio for stm32 9.3.0/armtools/bin/../lib/gcc/arm-atollic-eabi/6.3.1/../../../../arm-atollic-eabi/lib/armv7e-m/fpu\libc_nano.a(lib_a-nano-svfprintf.o) (_free_r)
c:/program files (x86)/atollic/truestudio for stm32 9.3.0/armtools/bin/../lib/gcc/arm-atollic-eabi/6.3.1/../../../../arm-atollic-eabi/lib/armv7e-m/fpu\libc_nano.a(lib_a-nano-mallocr.o)
                              c:/program files (x86)/atollic/truestudio for stm32 9.3.0/armtools/bin/../lib/gcc/arm-atollic-eabi/6.3.1/../../../../arm-atollic-eabi/lib/armv7e-m/fpu\libc_nano.a(lib_a-nano-svfprintf.o) (_malloc_r)
c:/program files (x86)/atollic/truestudio for stm32 9.3.0/armtools/bin/../lib/gcc/arm-atollic-eabi/6.3.1/../../../../arm-atollic-eabi/lib/armv7e-m/fpu\libc_nano.a(lib_a-nano-reallocr.o)
                              c:/program files (x86)/atollic/truestudio for stm32 9.3.0/armtools/bin/../lib/gcc/arm-atollic-eabi/6.3.1/../../../../arm-atollic-eabi/lib/armv7e-m/fpu\libc_nano.a(lib_a-nano-svfprintf.o) (_realloc_r)
[...]
Memory Configuration

Name             Origin             Length             Attributes
RAM              0x20000000         0x00020000         xrw
CCMRAM           0x10000000         0x00010000         rw
FLASH            0x08000000         0x00100000         xr
*default*        0x00000000         0xffffffff

Linker script and memory map

LOAD c:/program files (x86)/atollic/truestudio for stm32 9.3.0/armtools/bin/../lib/gcc/arm-atollic-eabi/6.3.1/armv7e-m/fpu/crti.o
LOAD c:/program files (x86)/atollic/truestudio for stm32 9.3.0/armtools/bin/../lib/gcc/arm-atollic-eabi/6.3.1/armv7e-m/fpu/crtbegin.o
LOAD Drivers\STM32F4xx_HAL_Driver\Src\stm32f4xx_hal.o
LOAD Drivers\STM32F4xx_HAL_Driver\Src\stm32f4xx_hal_adc.o
LOAD Drivers\STM32F4xx_HAL_Driver\Src\stm32f4xx_hal_adc_ex.o
LOAD Drivers\STM32F4xx_HAL_Driver\Src\stm32f4xx_hal_cortex.o
LOAD Drivers\STM32F4xx_HAL_Driver\Src\stm32f4xx_hal_dac.o
LOAD Drivers\STM32F4xx_HAL_Driver\Src\stm32f4xx_hal_dac_ex.o
LOAD Drivers\STM32F4xx_HAL_Driver\Src\stm32f4xx_hal_dma.o
LOAD Drivers\STM32F4xx_HAL_Driver\Src\stm32f4xx_hal_dma_ex.o
LOAD Drivers\STM32F4xx_HAL_Driver\Src\stm32f4xx_hal_exti.o
LOAD Drivers\STM32F4xx_HAL_Driver\Src\stm32f4xx_hal_flash.o
LOAD Drivers\STM32F4xx_HAL_Driver\Src\stm32f4xx_hal_flash_ex.o
LOAD Drivers\STM32F4xx_HAL_Driver\Src\stm32f4xx_hal_flash_ramfunc.o
LOAD Drivers\STM32F4xx_HAL_Driver\Src\stm32f4xx_hal_gpio.o
LOAD Drivers\STM32F4xx_HAL_Driver\Src\stm32f4xx_hal_pwr.o
LOAD Drivers\STM32F4xx_HAL_Driver\Src\stm32f4xx_hal_pwr_ex.o
LOAD Drivers\STM32F4xx_HAL_Driver\Src\stm32f4xx_hal_rcc.o
LOAD Drivers\STM32F4xx_HAL_Driver\Src\stm32f4xx_hal_rcc_ex.o
LOAD Drivers\STM32F4xx_HAL_Driver\Src\stm32f4xx_hal_rng.o
LOAD Drivers\STM32F4xx_HAL_Driver\Src\stm32f4xx_hal_sd.o
LOAD Drivers\STM32F4xx_HAL_Driver\Src\stm32f4xx_hal_tim.o
LOAD Drivers\STM32F4xx_HAL_Driver\Src\stm32f4xx_hal_tim_ex.o
LOAD Drivers\STM32F4xx_HAL_Driver\Src\stm32f4xx_ll_sdmmc.o
LOAD Middlewares\Third_Party\FatFs\src\diskio.o
LOAD Middlewares\Third_Party\FatFs\src\ff.o
LOAD Middlewares\Third_Party\FatFs\src\ff_gen_drv.o
LOAD Middlewares\Third_Party\FatFs\src\option\ccsbcs.o
LOAD Middlewares\Third_Party\FatFs\src\option\syscall.o
LOAD Src\bsp_driver_sd.o
LOAD Src\fatfs.o
LOAD Src\main.o
LOAD Src\sd_diskio.o
LOAD Src\stm32f4xx_hal_msp.o
LOAD Src\stm32f4xx_it.o
LOAD Src\syscalls.o
LOAD Src\system_stm32f4xx.o
LOAD startup\startup_stm32f407xx.o
                0x00000080                malloc_getpagesize_P = 0x80
START GROUP
LOAD c:/program files (x86)/atollic/truestudio for stm32 9.3.0/armtools/bin/../lib/gcc/arm-atollic-eabi/6.3.1/../../../../arm-atollic-eabi/lib/armv7e-m/fpu\libc_nano.a
LOAD c:/program files (x86)/atollic/truestudio for stm32 9.3.0/armtools/bin/../lib/gcc/arm-atollic-eabi/6.3.1/../../../../arm-atollic-eabi/lib/armv7e-m/fpu\libm.a
END GROUP
START GROUP
LOAD c:/program files (x86)/atollic/truestudio for stm32 9.3.0/armtools/bin/../lib/gcc/arm-atollic-eabi/6.3.1/armv7e-m/fpu\libgcc.a
LOAD c:/program files (x86)/atollic/truestudio for stm32 9.3.0/armtools/bin/../lib/gcc/arm-atollic-eabi/6.3.1/../../../../arm-atollic-eabi/lib/armv7e-m/fpu\libc_nano.a
END GROUP
START GROUP
LOAD c:/program files (x86)/atollic/truestudio for stm32 9.3.0/armtools/bin/../lib/gcc/arm-atollic-eabi/6.3.1/armv7e-m/fpu\libgcc.a
LOAD c:/program files (x86)/atollic/truestudio for stm32 9.3.0/armtools/bin/../lib/gcc/arm-atollic-eabi/6.3.1/../../../../arm-atollic-eabi/lib/armv7e-m/fpu\libc_nano.a
LOAD c:/program files (x86)/atollic/truestudio for stm32 9.3.0/armtools/bin/../lib/gcc/arm-atollic-eabi/6.3.1/../../../../arm-atollic-eabi/lib/armv7e-m/fpu\libnosys.a
END GROUP
START GROUP
LOAD c:/program files (x86)/atollic/truestudio for stm32 9.3.0/armtools/bin/../lib/gcc/arm-atollic-eabi/6.3.1/armv7e-m/fpu\libgcc.a
LOAD c:/program files (x86)/atollic/truestudio for stm32 9.3.0/armtools/bin/../lib/gcc/arm-atollic-eabi/6.3.1/../../../../arm-atollic-eabi/lib/armv7e-m/fpu\libc_nano.a
LOAD c:/program files (x86)/atollic/truestudio for stm32 9.3.0/armtools/bin/../lib/gcc/arm-atollic-eabi/6.3.1/../../../../arm-atollic-eabi/lib/armv7e-m/fpu\libnosys.a
END GROUP
LOAD c:/program files (x86)/atollic/truestudio for stm32 9.3.0/armtools/bin/../lib/gcc/arm-atollic-eabi/6.3.1/armv7e-m/fpu/crtend.o
LOAD c:/program files (x86)/atollic/truestudio for stm32 9.3.0/armtools/bin/../lib/gcc/arm-atollic-eabi/6.3.1/armv7e-m/fpu/crtn.o
                0x20020000                _estack = 0x20020000
                0x00002000                _Min_Heap_Size = 0x2000
                0x00004000                _Min_Stack_Size = 0x4000

.isr_vector     0x08000000      0x188
                0x08000000                . = ALIGN (0x4)
 *(.isr_vector)
 .isr_vector    0x08000000      0x188 startup\startup_stm32f407xx.o
                0x08000000                g_pfnVectors
                0x08000188                . = ALIGN (0x4)

.text           0x08000188     0x3cf4
                0x08000188                . = ALIGN (0x4)
 *(.text)
 .text          0x08000188       0x40 c:/program files (x86)/atollic/truestudio for stm32 9.3.0/armtools/bin/../lib/gcc/arm-atollic-eabi/6.3.1/armv7e-m/fpu/crtbegin.o
 .text          0x080001c8       0x30 c:/program files (x86)/atollic/truestudio for stm32 9.3.0/armtools/bin/../lib/gcc/arm-atollic-eabi/6.3.1/armv7e-m/fpu\libgcc.a(_aeabi_uldivmod.o)
                0x080001c8                __aeabi_uldivmod
 .text          0x080001f8      0x2dc c:/program files (x86)/atollic/truestudio for stm32 9.3.0/armtools/bin/../lib/gcc/arm-atollic-eabi/6.3.1/armv7e-m/fpu\libgcc.a(_udivmoddi4.o)
                0x080001f8                __udivmoddi4
 .text          0x080004d4        0x4 c:/program files (x86)/atollic/truestudio for stm32 9.3.0/armtools/bin/../lib/gcc/arm-atollic-eabi/6.3.1/armv7e-m/fpu\libgcc.a(_dvmd_tls.o)
                0x080004d4                __aeabi_idiv0
                0x080004d4                __aeabi_ldiv0
 *(.text*)
 .text.HAL_InitTick
                0x080004d8       0x48 Drivers\STM32F4xx_HAL_Driver\Src\stm32f4xx_hal.o
                0x080004d8                HAL_InitTick
 .text.HAL_Init
                0x08000520       0x34 Drivers\STM32F4xx_HAL_Driver\Src\stm32f4xx_hal.o
                0x08000520                HAL_Init
 .text.HAL_IncTick
                0x08000554       0x18 Drivers\STM32F4xx_HAL_Driver\Src\stm32f4xx_hal.o
                0x08000554                HAL_IncTick
 .text.HAL_GetTick
                0x0800056c        0xc Drivers\STM32F4xx_HAL_Driver\Src\stm32f4xx_hal.o
                0x0800056c                HAL_GetTick
 .text.HAL_Delay
                0x08000578       0x28 Drivers\STM32F4xx_HAL_Driver\Src\stm32f4xx_hal.o
                0x08000578                HAL_Delay
 .text.HAL_ADC_Init
                0x080005a0      0x14c Drivers\STM32F4xx_HAL_Driver\Src\stm32f4xx_hal_adc.o
                0x080005a0                HAL_ADC_Init
 .text.HAL_ADC_ConfigChannel
                0x080006ec      0x12c Drivers\STM32F4xx_HAL_Driver\Src\stm32f4xx_hal_adc.o
                0x080006ec                HAL_ADC_ConfigChannel
 .text.HAL_NVIC_SetPriorityGrouping
                0x08000818       0x24 Drivers\STM32F4xx_HAL_Driver\Src\stm32f4xx_hal_cortex.o
                0x08000818                HAL_NVIC_SetPriorityGrouping
 .text.HAL_NVIC_SetPriority
                0x0800083c       0x68 Drivers\STM32F4xx_HAL_Driver\Src\stm32f4xx_hal_cortex.o
                0x0800083c                HAL_NVIC_SetPriority
 .text.HAL_NVIC_EnableIRQ
                0x080008a4       0x1c Drivers\STM32F4xx_HAL_Driver\Src\stm32f4xx_hal_cortex.o
                0x080008a4                HAL_NVIC_EnableIRQ
 .text.HAL_SYSTICK_Config
                0x080008c0       0x2c Drivers\STM32F4xx_HAL_Driver\Src\stm32f4xx_hal_cortex.o
                0x080008c0                HAL_SYSTICK_Config
 .text.HAL_DAC_Init
                0x080008ec       0x26 Drivers\STM32F4xx_HAL_Driver\Src\stm32f4xx_hal_dac.o
                0x080008ec                HAL_DAC_Init
 *fill*         0x08000912        0x2 
 .text.HAL_DAC_Start_DMA
                0x08000914       0xc8 Drivers\STM32F4xx_HAL_Driver\Src\stm32f4xx_hal_dac.o
                0x08000914                HAL_DAC_Start_DMA
 .text.HAL_DAC_ConvCpltCallbackCh1
                0x080009dc        0x2 Drivers\STM32F4xx_HAL_Driver\Src\stm32f4xx_hal_dac.o
                0x080009dc                HAL_DAC_ConvCpltCallbackCh1
 .text.DAC_DMAConvCpltCh1
                0x080009de       0x10 Drivers\STM32F4xx_HAL_Driver\Src\stm32f4xx_hal_dac.o
 .text.HAL_DAC_ConvHalfCpltCallbackCh1
                0x080009ee        0x2 Drivers\STM32F4xx_HAL_Driver\Src\stm32f4xx_hal_dac.o
                0x080009ee                HAL_DAC_ConvHalfCpltCallbackCh1
 .text.DAC_DMAHalfConvCpltCh1
                0x080009f0        0xa Drivers\STM32F4xx_HAL_Driver\Src\stm32f4xx_hal_dac.o
 .text.HAL_DAC_ErrorCallbackCh1
                0x080009fa        0x2 Drivers\STM32F4xx_HAL_Driver\Src\stm32f4xx_hal_dac.o
                0x080009fa                HAL_DAC_ErrorCallbackCh1
 .text.DAC_DMAErrorCh1
                0x080009fc       0x18 Drivers\STM32F4xx_HAL_Driver\Src\stm32f4xx_hal_dac.o
 .text.HAL_DAC_DMAUnderrunCallbackCh1
                0x08000a14        0x2 Drivers\STM32F4xx_HAL_Driver\Src\stm32f4xx_hal_dac.o
                0x08000a14                HAL_DAC_DMAUnderrunCallbackCh1
 .text.HAL_DAC_IRQHandler
                0x08000a16       0x58 Drivers\STM32F4xx_HAL_Driver\Src\stm32f4xx_hal_dac.o
                0x08000a16                HAL_DAC_IRQHandler
 .text.HAL_DAC_ConfigChannel
                0x08000a6e       0x40 Drivers\STM32F4xx_HAL_Driver\Src\stm32f4xx_hal_dac.o
                0x08000a6e                HAL_DAC_ConfigChannel
 .text.HAL_DACEx_ConvCpltCallbackCh2
                0x08000aae        0x2 Drivers\STM32F4xx_HAL_Driver\Src\stm32f4xx_hal_dac_ex.o
                0x08000aae                HAL_DACEx_ConvCpltCallbackCh2
 .text.HAL_DACEx_ConvHalfCpltCallbackCh2
                0x08000ab0        0x2 Drivers\STM32F4xx_HAL_Driver\Src\stm32f4xx_hal_dac_ex.o
                0x08000ab0                HAL_DACEx_ConvHalfCpltCallbackCh2
 .text.HAL_DACEx_ErrorCallbackCh2
                0x08000ab2        0x2 Drivers\STM32F4xx_HAL_Driver\Src\stm32f4xx_hal_dac_ex.o
                0x08000ab2                HAL_DACEx_ErrorCallbackCh2
 .text.HAL_DACEx_DMAUnderrunCallbackCh2
                0x08000ab4        0x2 Drivers\STM32F4xx_HAL_Driver\Src\stm32f4xx_hal_dac_ex.o
                0x08000ab4                HAL_DACEx_DMAUnderrunCallbackCh2
 .text.DAC_DMAConvCpltCh2
                0x08000ab6       0x10 Drivers\STM32F4xx_HAL_Driver\Src\stm32f4xx_hal_dac_ex.o
                0x08000ab6                DAC_DMAConvCpltCh2
 .text.DAC_DMAHalfConvCpltCh2
                0x08000ac6        0xa Drivers\STM32F4xx_HAL_Driver\Src\stm32f4xx_hal_dac_ex.o
                0x08000ac6                DAC_DMAHalfConvCpltCh2
 .text.DAC_DMAErrorCh2
                0x08000ad0       0x18 Drivers\STM32F4xx_HAL_Driver\Src\stm32f4xx_hal_dac_ex.o
                0x08000ad0                DAC_DMAErrorCh2
 .text.DMA_CalcBaseAndBitshift
                0x08000ae8       0x2c Drivers\STM32F4xx_HAL_Driver\Src\stm32f4xx_hal_dma.o
 .text.HAL_DMA_Init
                0x08000b14       0xfc Drivers\STM32F4xx_HAL_Driver\Src\stm32f4xx_hal_dma.o
                0x08000b14                HAL_DMA_Init
 .text.HAL_DMA_Start_IT
                0x08000c10       0x74 Drivers\STM32F4xx_HAL_Driver\Src\stm32f4xx_hal_dma.o
                0x08000c10                HAL_DMA_Start_IT
 .text.HAL_DMA_Abort_IT
                0x08000c84       0x24 Drivers\STM32F4xx_HAL_Driver\Src\stm32f4xx_hal_dma.o
                0x08000c84                HAL_DMA_Abort_IT
 .text.HAL_DMA_IRQHandler
                0x08000ca8      0x174 Drivers\STM32F4xx_HAL_Driver\Src\stm32f4xx_hal_dma.o
                0x08000ca8                HAL_DMA_IRQHandler
 .text.HAL_GPIO_Init
                0x08000e1c      0x1c0 Drivers\STM32F4xx_HAL_Driver\Src\stm32f4xx_hal_gpio.o
                0x08000e1c                HAL_GPIO_Init
 .text.HAL_RCC_OscConfig
                0x08000fdc      0x34c Drivers\STM32F4xx_HAL_Driver\Src\stm32f4xx_hal_rcc.o
                0x08000fdc                HAL_RCC_OscConfig
 .text.HAL_RCC_GetSysClockFreq
                0x08001328       0x5c Drivers\STM32F4xx_HAL_Driver\Src\stm32f4xx_hal_rcc.o
                0x08001328                HAL_RCC_GetSysClockFreq
 .text.HAL_RCC_ClockConfig
                0x08001384      0x138 Drivers\STM32F4xx_HAL_Driver\Src\stm32f4xx_hal_rcc.o
                0x08001384                HAL_RCC_ClockConfig
 .text.HAL_RNG_Init
                0x080014bc       0x30 Drivers\STM32F4xx_HAL_Driver\Src\stm32f4xx_hal_rng.o
                0x080014bc                HAL_RNG_Init
 .text.SD_FindSCR
                0x080014ec       0xca Drivers\STM32F4xx_HAL_Driver\Src\stm32f4xx_hal_sd.o
 *fill*         0x080015b6        0x2 
 .text.HAL_SD_ReadBlocks
                0x080015b8      0x224 Drivers\STM32F4xx_HAL_Driver\Src\stm32f4xx_hal_sd.o
                0x080015b8                HAL_SD_ReadBlocks
 .text.HAL_SD_WriteBlocks
                0x080017dc      0x1ac Drivers\STM32F4xx_HAL_Driver\Src\stm32f4xx_hal_sd.o
                0x080017dc                HAL_SD_WriteBlocks
 .text.HAL_SD_ErrorCallback
                0x08001988        0x2 Drivers\STM32F4xx_HAL_Driver\Src\stm32f4xx_hal_sd.o
                0x08001988                HAL_SD_ErrorCallback
 *fill*         0x0800198a        0x2 
 .text.HAL_SD_GetCardCSD
                0x0800198c      0x16c Drivers\STM32F4xx_HAL_Driver\Src\stm32f4xx_hal_sd.o
                0x0800198c                HAL_SD_GetCardCSD
 .text.HAL_SD_InitCard
                0x08001af8      0x1f8 Drivers\STM32F4xx_HAL_Driver\Src\stm32f4xx_hal_sd.o
                0x08001af8                HAL_SD_InitCard
 .text.HAL_SD_Init
                0x08001cf0       0x36 Drivers\STM32F4xx_HAL_Driver\Src\stm32f4xx_hal_sd.o
                0x08001cf0                HAL_SD_Init
 .text.HAL_SD_GetCardInfo
                0x08001d26       0x24 Drivers\STM32F4xx_HAL_Driver\Src\stm32f4xx_hal_sd.o
                0x08001d26                HAL_SD_GetCardInfo
 *fill*         0x08001d4a        0x2 
 .text.HAL_SD_ConfigWideBusOperation
                0x08001d4c      0x10c Drivers\STM32F4xx_HAL_Driver\Src\stm32f4xx_hal_sd.o
                0x08001d4c                HAL_SD_ConfigWideBusOperation
 .text.HAL_SD_GetCardState
                0x08001e58       0x28 Drivers\STM32F4xx_HAL_Driver\Src\stm32f4xx_hal_sd.o
                0x08001e58                HAL_SD_GetCardState
 .text.SD_DMARxAbort
                0x08001e80       0x42 Drivers\STM32F4xx_HAL_Driver\Src\stm32f4xx_hal_sd.o
 *fill*         0x08001ec2        0x2 
 .text.HAL_SD_IRQHandler
                0x08001ec4      0x214 Drivers\STM32F4xx_HAL_Driver\Src\stm32f4xx_hal_sd.o
                0x08001ec4                HAL_SD_IRQHandler
 .text.SD_DMATxAbort
                0x080020d8        0x4 Drivers\STM32F4xx_HAL_Driver\Src\stm32f4xx_hal_sd.o
 .text.HAL_TIM_Base_Stop
                0x080020dc       0x2e Drivers\STM32F4xx_HAL_Driver\Src\stm32f4xx_hal_tim.o
                0x080020dc                HAL_TIM_Base_Stop
 .text.HAL_TIM_Base_Start_IT
                0x0800210a       0x20 Drivers\STM32F4xx_HAL_Driver\Src\stm32f4xx_hal_tim.o
                0x0800210a                HAL_TIM_Base_Start_IT
 .text.HAL_TIM_Base_Stop_IT
                0x0800212a       0x2a Drivers\STM32F4xx_HAL_Driver\Src\stm32f4xx_hal_tim.o
                0x0800212a                HAL_TIM_Base_Stop_IT
 .text.HAL_TIM_OC_DelayElapsedCallback
                0x08002154        0x2 Drivers\STM32F4xx_HAL_Driver\Src\stm32f4xx_hal_tim.o
                0x08002154                HAL_TIM_OC_DelayElapsedCallback
 .text.HAL_TIM_IC_CaptureCallback
                0x08002156        0x2 Drivers\STM32F4xx_HAL_Driver\Src\stm32f4xx_hal_tim.o
                0x08002156                HAL_TIM_IC_CaptureCallback
 .text.HAL_TIM_PWM_PulseFinishedCallback
                0x08002158        0x2 Drivers\STM32F4xx_HAL_Driver\Src\stm32f4xx_hal_tim.o
                0x08002158                HAL_TIM_PWM_PulseFinishedCallback
 .text.HAL_TIM_TriggerCallback
                0x0800215a        0x2 Drivers\STM32F4xx_HAL_Driver\Src\stm32f4xx_hal_tim.o
                0x0800215a                HAL_TIM_TriggerCallback
 .text.HAL_TIM_IRQHandler
                0x0800215c      0x144 Drivers\STM32F4xx_HAL_Driver\Src\stm32f4xx_hal_tim.o
                0x0800215c                HAL_TIM_IRQHandler
 .text.TIM_Base_SetConfig
                0x080022a0       0xcc Drivers\STM32F4xx_HAL_Driver\Src\stm32f4xx_hal_tim.o
                0x080022a0                TIM_Base_SetConfig
 .text.HAL_TIM_Base_Init
                0x0800236c       0x34 Drivers\STM32F4xx_HAL_Driver\Src\stm32f4xx_hal_tim.o
                0x0800236c                HAL_TIM_Base_Init
 .text.HAL_TIMEx_MasterConfigSynchronization
                0x080023a0       0x84 Drivers\STM32F4xx_HAL_Driver\Src\stm32f4xx_hal_tim_ex.o
                0x080023a0                HAL_TIMEx_MasterConfigSynchronization
 .text.HAL_TIMEx_CommutCallback
                0x08002424        0x2 Drivers\STM32F4xx_HAL_Driver\Src\stm32f4xx_hal_tim_ex.o
                0x08002424                HAL_TIMEx_CommutCallback
 .text.HAL_TIMEx_BreakCallback
                0x08002426        0x2 Drivers\STM32F4xx_HAL_Driver\Src\stm32f4xx_hal_tim_ex.o
                0x08002426                HAL_TIMEx_BreakCallback
 .text.SDMMC_GetCmdResp2
                0x08002428       0x50 Drivers\STM32F4xx_HAL_Driver\Src\stm32f4xx_ll_sdmmc.o
 .text.SDMMC_GetCmdResp3
                0x08002478       0x44 Drivers\STM32F4xx_HAL_Driver\Src\stm32f4xx_ll_sdmmc.o
 .text.SDMMC_GetCmdResp1
                0x080024bc      0x11c Drivers\STM32F4xx_HAL_Driver\Src\stm32f4xx_ll_sdmmc.o
 .text.SDIO_Init
                0x080025d8       0x38 Drivers\STM32F4xx_HAL_Driver\Src\stm32f4xx_ll_sdmmc.o
                0x080025d8                SDIO_Init
 .text.SDIO_ReadFIFO
                0x08002610        0x6 Drivers\STM32F4xx_HAL_Driver\Src\stm32f4xx_ll_sdmmc.o
                0x08002610                SDIO_ReadFIFO
 .text.SDIO_WriteFIFO
                0x08002616        0xa Drivers\STM32F4xx_HAL_Driver\Src\stm32f4xx_ll_sdmmc.o
                0x08002616                SDIO_WriteFIFO
 .text.SDIO_PowerState_ON
                0x08002620       0x10 Drivers\STM32F4xx_HAL_Driver\Src\stm32f4xx_ll_sdmmc.o
                0x08002620                SDIO_PowerState_ON
 .text.SDIO_GetPowerState
                0x08002630        0x8 Drivers\STM32F4xx_HAL_Driver\Src\stm32f4xx_ll_sdmmc.o
                0x08002630                SDIO_GetPowerState
 .text.SDIO_SendCommand
                0x08002638       0x26 Drivers\STM32F4xx_HAL_Driver\Src\stm32f4xx_ll_sdmmc.o
                0x08002638                SDIO_SendCommand
 .text.SDIO_GetResponse
                0x0800265e        0x6 Drivers\STM32F4xx_HAL_Driver\Src\stm32f4xx_ll_sdmmc.o
                0x0800265e                SDIO_GetResponse
 .text.SDIO_ConfigData
                0x08002664       0x26 Drivers\STM32F4xx_HAL_Driver\Src\stm32f4xx_ll_sdmmc.o
                0x08002664                SDIO_ConfigData
 .text.SDMMC_CmdBlockLength
                0x0800268a       0x30 Drivers\STM32F4xx_HAL_Driver\Src\stm32f4xx_ll_sdmmc.o
                0x0800268a                SDMMC_CmdBlockLength
 .text.SDMMC_CmdReadSingleBlock
                0x080026ba       0x30 Drivers\STM32F4xx_HAL_Driver\Src\stm32f4xx_ll_sdmmc.o
                0x080026ba                SDMMC_CmdReadSingleBlock
 .text.SDMMC_CmdReadMultiBlock
                0x080026ea       0x30 Drivers\STM32F4xx_HAL_Driver\Src\stm32f4xx_ll_sdmmc.o
                0x080026ea                SDMMC_CmdReadMultiBlock
 .text.SDMMC_CmdWriteSingleBlock
                0x0800271a       0x30 Drivers\STM32F4xx_HAL_Driver\Src\stm32f4xx_ll_sdmmc.o
                0x0800271a                SDMMC_CmdWriteSingleBlock
 .text.SDMMC_CmdWriteMultiBlock
                0x0800274a       0x30 Drivers\STM32F4xx_HAL_Driver\Src\stm32f4xx_ll_sdmmc.o
                0x0800274a                SDMMC_CmdWriteMultiBlock
 *fill*         0x0800277a        0x2 
 .text.SDMMC_CmdStopTransfer
                0x0800277c       0x34 Drivers\STM32F4xx_HAL_Driver\Src\stm32f4xx_ll_sdmmc.o
                0x0800277c                SDMMC_CmdStopTransfer
 .text.SDMMC_CmdSelDesel
                0x080027b0       0x30 Drivers\STM32F4xx_HAL_Driver\Src\stm32f4xx_ll_sdmmc.o
                0x080027b0                SDMMC_CmdSelDesel
 .text.SDMMC_CmdGoIdleState
                0x080027e0       0x50 Drivers\STM32F4xx_HAL_Driver\Src\stm32f4xx_ll_sdmmc.o
                0x080027e0                SDMMC_CmdGoIdleState
 .text.SDMMC_CmdOperCond
                0x08002830       0x7c Drivers\STM32F4xx_HAL_Driver\Src\stm32f4xx_ll_sdmmc.o
                0x08002830                SDMMC_CmdOperCond
 .text.SDMMC_CmdAppCommand
                0x080028ac       0x30 Drivers\STM32F4xx_HAL_Driver\Src\stm32f4xx_ll_sdmmc.o
                0x080028ac                SDMMC_CmdAppCommand
 .text.SDMMC_CmdAppOperCommand
                0x080028dc       0x32 Drivers\STM32F4xx_HAL_Driver\Src\stm32f4xx_ll_sdmmc.o
                0x080028dc                SDMMC_CmdAppOperCommand
 .text.SDMMC_CmdSendSCR
                0x0800290e       0x30 Drivers\STM32F4xx_HAL_Driver\Src\stm32f4xx_ll_sdmmc.o
                0x0800290e                SDMMC_CmdSendSCR
 .text.SDMMC_CmdSendCID
                0x0800293e       0x2a Drivers\STM32F4xx_HAL_Driver\Src\stm32f4xx_ll_sdmmc.o
                0x0800293e                SDMMC_CmdSendCID
 .text.SDMMC_CmdSendCSD
                0x08002968       0x2a Drivers\STM32F4xx_HAL_Driver\Src\stm32f4xx_ll_sdmmc.o
                0x08002968                SDMMC_CmdSendCSD
 *fill*         0x08002992        0x2 
 .text.SDMMC_CmdSetRelAdd
                0x08002994       0xa0 Drivers\STM32F4xx_HAL_Driver\Src\stm32f4xx_ll_sdmmc.o
                0x08002994                SDMMC_CmdSetRelAdd
 .text.SDMMC_CmdSendStatus
                0x08002a34       0x30 Drivers\STM32F4xx_HAL_Driver\Src\stm32f4xx_ll_sdmmc.o
                0x08002a34                SDMMC_CmdSendStatus
 .text.SDMMC_CmdSwitch
                0x08002a64       0x30 Drivers\STM32F4xx_HAL_Driver\Src\stm32f4xx_ll_sdmmc.o
                0x08002a64                SDMMC_CmdSwitch
 .text.SDMMC_CmdBusWidth
                0x08002a94        0x4 Drivers\STM32F4xx_HAL_Driver\Src\stm32f4xx_ll_sdmmc.o
                0x08002a94                SDMMC_CmdBusWidth
 .text.disk_status
                0x08002a98       0x14 Middlewares\Third_Party\FatFs\src\diskio.o
                0x08002a98                disk_status
 .text.disk_read
                0x08002aac       0x1c Middlewares\Third_Party\FatFs\src\diskio.o
                0x08002aac                disk_read
 .text.disk_write
                0x08002ac8       0x1c Middlewares\Third_Party\FatFs\src\diskio.o
                0x08002ac8                disk_write
 .text.disk_ioctl
                0x08002ae4       0x1c Middlewares\Third_Party\FatFs\src\diskio.o
                0x08002ae4                disk_ioctl
 .text.ld_dword
                0x08002b00       0x10 Middlewares\Third_Party\FatFs\src\ff.o
 .text.st_dword
                0x08002b10       0x10 Middlewares\Third_Party\FatFs\src\ff.o
 .text.mem_set  0x08002b20        0xc Middlewares\Third_Party\FatFs\src\ff.o
 .text.dec_lock
                0x08002b2c       0x30 Middlewares\Third_Party\FatFs\src\ff.o
 .text.clust2sect
                0x08002b5c       0x16 Middlewares\Third_Party\FatFs\src\ff.o
 .text.clmt_clust
                0x08002b72       0x28 Middlewares\Third_Party\FatFs\src\ff.o
 .text.validate
                0x08002b9a       0x34 Middlewares\Third_Party\FatFs\src\ff.o
 .text.mem_cpy.part.0
                0x08002bce       0x12 Middlewares\Third_Party\FatFs\src\ff.o
 .text.st_clust.isra.2
                0x08002be0       0x18 Middlewares\Third_Party\FatFs\src\ff.o
 .text.sync_window.part.3
                0x08002bf8       0x46 Middlewares\Third_Party\FatFs\src\ff.o
 .text.sync_window
                0x08002c3e        0xc Middlewares\Third_Party\FatFs\src\ff.o
 .text.sync_fs  0x08002c4a       0x94 Middlewares\Third_Party\FatFs\src\ff.o
 .text.move_window
                0x08002cde       0x36 Middlewares\Third_Party\FatFs\src\ff.o
 .text.get_fat.isra.7
                0x08002d14       0xe0 Middlewares\Third_Party\FatFs\src\ff.o
 .text.f_read   0x08002df4      0x17e Middlewares\Third_Party\FatFs\src\ff.o
                0x08002df4                f_read
 .text.f_sync   0x08002f72       0x90 Middlewares\Third_Party\FatFs\src\ff.o
                0x08002f72                f_sync
 .text.f_close  0x08003002       0x22 Middlewares\Third_Party\FatFs\src\ff.o
                0x08003002                f_close
 .text.FATFS_LinkDriverEx
                0x08003024       0x44 Middlewares\Third_Party\FatFs\src\ff_gen_drv.o
                0x08003024                FATFS_LinkDriverEx
 .text.FATFS_LinkDriver
                0x08003068        0x6 Middlewares\Third_Party\FatFs\src\ff_gen_drv.o
                0x08003068                FATFS_LinkDriver
 *fill*         0x0800306e        0x2 
 .text.BSP_SD_Init
                0x08003070       0x34 Src\bsp_driver_sd.o
                0x08003070                BSP_SD_Init
 .text.BSP_SD_ReadBlocks
                0x080030a4       0x20 Src\bsp_driver_sd.o
                0x080030a4                BSP_SD_ReadBlocks
 .text.BSP_SD_WriteBlocks
                0x080030c4       0x20 Src\bsp_driver_sd.o
                0x080030c4                BSP_SD_WriteBlocks
 .text.BSP_SD_GetCardState
                0x080030e4       0x14 Src\bsp_driver_sd.o
                0x080030e4                BSP_SD_GetCardState
 .text.BSP_SD_GetCardInfo
                0x080030f8        0xc Src\bsp_driver_sd.o
                0x080030f8                BSP_SD_GetCardInfo
 .text.BSP_SD_AbortCallback
                0x08003104        0x2 Src\bsp_driver_sd.o
                0x08003104                BSP_SD_AbortCallback
 .text.HAL_SD_AbortCallback
                0x08003106        0x8 Src\bsp_driver_sd.o
                0x08003106                HAL_SD_AbortCallback
 .text.BSP_SD_WriteCpltCallback
                0x0800310e        0x2 Src\bsp_driver_sd.o
                0x0800310e                BSP_SD_WriteCpltCallback
 .text.HAL_SD_TxCpltCallback
                0x08003110        0x8 Src\bsp_driver_sd.o
                0x08003110                HAL_SD_TxCpltCallback
 .text.BSP_SD_ReadCpltCallback
                0x08003118        0x2 Src\bsp_driver_sd.o
                0x08003118                BSP_SD_ReadCpltCallback
 .text.HAL_SD_RxCpltCallback
                0x0800311a        0x8 Src\bsp_driver_sd.o
                0x0800311a                HAL_SD_RxCpltCallback
 *fill*         0x08003122        0x2 
 .text.MX_FATFS_Init
                0x08003124       0x1c Src\fatfs.o
                0x08003124                MX_FATFS_Init
 .text.get_fattime
                0x08003140        0x4 Src\fatfs.o
                0x08003140                get_fattime
 .text.setDataOutputDirection
                0x08003144       0x64 Src\main.o
                0x08003144                setDataOutputDirection
 .text.writeToBus
                0x080031a8       0x20 Src\main.o
                0x080031a8                writeToBus
 .text.writeCmd
                0x080031c8       0x14 Src\main.o
                0x080031c8                writeCmd
 .text.writeData
                0x080031dc       0x10 Src\main.o
                0x080031dc                writeData
 .text.begin    0x080031ec      0x190 Src\main.o
                0x080031ec                begin
 .text.setAddress
                0x0800337c       0x50 Src\main.o
                0x0800337c                setAddress
 .text.fillRect
                0x080033cc       0x5c Src\main.o
                0x080033cc                fillRect
 .text.fillScreen
                0x08003428       0x24 Src\main.o
                0x08003428                fillScreen
 .text.setRotation
                0x0800344c       0x64 Src\main.o
                0x0800344c                setRotation
 .text.wavStop  0x080034b0       0x34 Src\main.o
                0x080034b0                wavStop
 .text.HAL_TIM_PeriodElapsedCallback
                0x080034e4      0x150 Src\main.o
                0x080034e4                HAL_TIM_PeriodElapsedCallback
 .text.SystemClock_Config
                0x08003634       0x90 Src\main.o
                0x08003634                SystemClock_Config
 .text.startup.main
                0x080036c4      0x204 Src\main.o
                0x080036c4                main
 .text.Error_Handler
                0x080038c8        0x2 Src\main.o
                0x080038c8                Error_Handler
 *fill*         0x080038ca        0x2 
 .text.SD_CheckStatus.isra.0
                0x080038cc       0x20 Src\sd_diskio.o
 .text.SD_initialize
                0x080038ec       0x1c Src\sd_diskio.o
                0x080038ec                SD_initialize
 .text.SD_status
                0x08003908        0x4 Src\sd_diskio.o
                0x08003908                SD_status
 .text.SD_read  0x0800390c       0x20 Src\sd_diskio.o
                0x0800390c                SD_read
 .text.SD_ioctl
                0x0800392c       0x50 Src\sd_diskio.o
                0x0800392c                SD_ioctl
 .text.SD_write
                0x0800397c       0x20 Src\sd_diskio.o
                0x0800397c                SD_write
 .text.HAL_MspInit
                0x0800399c       0x38 Src\stm32f4xx_hal_msp.o
                0x0800399c                HAL_MspInit
 .text.HAL_ADC_MspInit
                0x080039d4       0x64 Src\stm32f4xx_hal_msp.o
                0x080039d4                HAL_ADC_MspInit
 .text.HAL_DAC_MspInit
                0x08003a38       0xe8 Src\stm32f4xx_hal_msp.o
                0x08003a38                HAL_DAC_MspInit
 .text.HAL_RNG_MspInit
                0x08003b20       0x30 Src\stm32f4xx_hal_msp.o
                0x08003b20                HAL_RNG_MspInit
 .text.HAL_SD_MspInit
                0x08003b50      0x168 Src\stm32f4xx_hal_msp.o
                0x08003b50                HAL_SD_MspInit
 .text.HAL_TIM_Base_MspInit
                0x08003cb8       0x6c Src\stm32f4xx_hal_msp.o
                0x08003cb8                HAL_TIM_Base_MspInit
 .text.NMI_Handler
                0x08003d24        0x2 Src\stm32f4xx_it.o
                0x08003d24                NMI_Handler
 .text.HardFault_Handler
                0x08003d26        0x2 Src\stm32f4xx_it.o
                0x08003d26                HardFault_Handler
 .text.MemManage_Handler
                0x08003d28        0x2 Src\stm32f4xx_it.o
                0x08003d28                MemManage_Handler
 .text.BusFault_Handler
                0x08003d2a        0x2 Src\stm32f4xx_it.o
                0x08003d2a                BusFault_Handler
 .text.UsageFault_Handler
                0x08003d2c        0x2 Src\stm32f4xx_it.o
                0x08003d2c                UsageFault_Handler
 .text.SVC_Handler
                0x08003d2e        0x2 Src\stm32f4xx_it.o
                0x08003d2e                SVC_Handler
 .text.DebugMon_Handler
                0x08003d30        0x2 Src\stm32f4xx_it.o
                0x08003d30                DebugMon_Handler
 .text.PendSV_Handler
                0x08003d32        0x2 Src\stm32f4xx_it.o
                0x08003d32                PendSV_Handler
 .text.SysTick_Handler
                0x08003d34        0x4 Src\stm32f4xx_it.o
                0x08003d34                SysTick_Handler
 .text.DMA1_Stream5_IRQHandler
                0x08003d38        0xc Src\stm32f4xx_it.o
                0x08003d38                DMA1_Stream5_IRQHandler
 .text.DMA1_Stream6_IRQHandler
                0x08003d44        0xc Src\stm32f4xx_it.o
                0x08003d44                DMA1_Stream6_IRQHandler
 .text.SDIO_IRQHandler
                0x08003d50        0xc Src\stm32f4xx_it.o
                0x08003d50                SDIO_IRQHandler
 .text.TIM6_DAC_IRQHandler
                0x08003d5c       0x1c Src\stm32f4xx_it.o
                0x08003d5c                TIM6_DAC_IRQHandler
 .text.TIM7_IRQHandler
                0x08003d78        0xc Src\stm32f4xx_it.o
                0x08003d78                TIM7_IRQHandler
 .text.DMA2_Stream3_IRQHandler
                0x08003d84        0xc Src\stm32f4xx_it.o
                0x08003d84                DMA2_Stream3_IRQHandler
 .text.DMA2_Stream6_IRQHandler
                0x08003d90        0xc Src\stm32f4xx_it.o
                0x08003d90                DMA2_Stream6_IRQHandler
 .text.SystemInit
                0x08003d9c       0x1c Src\system_stm32f4xx.o
                0x08003d9c                SystemInit
 .text.Reset_Handler
                0x08003db8       0x50 startup\startup_stm32f407xx.o
                0x08003db8                Reset_Handler
 .text.Default_Handler
                0x08003e08        0x2 startup\startup_stm32f407xx.o
                0x08003e08                RTC_Alarm_IRQHandler
                0x08003e08                HASH_RNG_IRQHandler
                0x08003e08                EXTI2_IRQHandler
                0x08003e08                TIM8_CC_IRQHandler
                0x08003e08                TIM1_CC_IRQHandler
                0x08003e08                DMA2_Stream5_IRQHandler
                0x08003e08                PVD_IRQHandler
                0x08003e08                TAMP_STAMP_IRQHandler
                0x08003e08                CAN2_RX1_IRQHandler
                0x08003e08                EXTI3_IRQHandler
                0x08003e08                TIM8_TRG_COM_TIM14_IRQHandler
                0x08003e08                TIM1_UP_TIM10_IRQHandler
                0x08003e08                TIM8_UP_TIM13_IRQHandler
                0x08003e08                I2C3_ER_IRQHandler
                0x08003e08                EXTI0_IRQHandler
                0x08003e08                I2C2_EV_IRQHandler
                0x08003e08                DMA1_Stream2_IRQHandler
                0x08003e08                CAN1_RX0_IRQHandler
                0x08003e08                FPU_IRQHandler
                0x08003e08                OTG_HS_WKUP_IRQHandler
                0x08003e08                CAN2_SCE_IRQHandler
                0x08003e08                DMA2_Stream2_IRQHandler
                0x08003e08                SPI1_IRQHandler
                0x08003e08                TIM1_BRK_TIM9_IRQHandler
                0x08003e08                DCMI_IRQHandler
                0x08003e08                CAN2_RX0_IRQHandler
                0x08003e08                USART6_IRQHandler
                0x08003e08                USART3_IRQHandler
                0x08003e08                CAN1_RX1_IRQHandler
                0x08003e08                UART5_IRQHandler
                0x08003e08                DMA2_Stream0_IRQHandler
                0x08003e08                TIM4_IRQHandler
                0x08003e08                I2C1_EV_IRQHandler
                0x08003e08                DMA1_Stream1_IRQHandler
                0x08003e08                UART4_IRQHandler
                0x08003e08                TIM3_IRQHandler
                0x08003e08                RCC_IRQHandler
                0x08003e08                TIM8_BRK_TIM12_IRQHandler
                0x08003e08                Default_Handler
                0x08003e08                EXTI15_10_IRQHandler
                0x08003e08                ADC_IRQHandler
                0x08003e08                DMA1_Stream7_IRQHandler
                0x08003e08                CAN2_TX_IRQHandler
                0x08003e08                TIM5_IRQHandler
                0x08003e08                DMA2_Stream7_IRQHandler
                0x08003e08                I2C3_EV_IRQHandler
                0x08003e08                EXTI9_5_IRQHandler
                0x08003e08                RTC_WKUP_IRQHandler
                0x08003e08                ETH_WKUP_IRQHandler
                0x08003e08                SPI2_IRQHandler
                0x08003e08                OTG_HS_EP1_IN_IRQHandler
                0x08003e08                DMA1_Stream0_IRQHandler
                0x08003e08                CAN1_TX_IRQHandler
                0x08003e08                EXTI4_IRQHandler
                0x08003e08                FSMC_IRQHandler
                0x08003e08                ETH_IRQHandler
                0x08003e08                OTG_HS_EP1_OUT_IRQHandler
                0x08003e08                WWDG_IRQHandler
                0x08003e08                TIM2_IRQHandler
                0x08003e08                OTG_FS_WKUP_IRQHandler
                0x08003e08                TIM1_TRG_COM_TIM11_IRQHandler
                0x08003e08                OTG_HS_IRQHandler
                0x08003e08                EXTI1_IRQHandler
                0x08003e08                USART2_IRQHandler
                0x08003e08                I2C2_ER_IRQHandler
                0x08003e08                DMA2_Stream1_IRQHandler
                0x08003e08                CAN1_SCE_IRQHandler
                0x08003e08                FLASH_IRQHandler
                0x08003e08                DMA2_Stream4_IRQHandler
                0x08003e08                USART1_IRQHandler
                0x08003e08                OTG_FS_IRQHandler
                0x08003e08                SPI3_IRQHandler
                0x08003e08                DMA1_Stream4_IRQHandler
                0x08003e08                I2C1_ER_IRQHandler
                0x08003e08                DMA1_Stream3_IRQHandler
 *fill*         0x08003e0a        0x2 
 .text.__libc_init_array
                0x08003e0c       0x48 c:/program files (x86)/atollic/truestudio for stm32 9.3.0/armtools/bin/../lib/gcc/arm-atollic-eabi/6.3.1/../../../../arm-atollic-eabi/lib/armv7e-m/fpu\libc_nano.a(lib_a-init.o)
                0x08003e0c                __libc_init_array
 .text.memset   0x08003e54       0x10 c:/program files (x86)/atollic/truestudio for stm32 9.3.0/armtools/bin/../lib/gcc/arm-atollic-eabi/6.3.1/../../../../arm-atollic-eabi/lib/armv7e-m/fpu\libc_nano.a(lib_a-memset.o)
                0x08003e54                memset
 *(.glue_7)
 .glue_7        0x08003e64        0x0 linker stubs
 *(.glue_7t)
 .glue_7t       0x08003e64        0x0 linker stubs
 *(.eh_frame)
 .eh_frame      0x08003e64        0x0 c:/program files (x86)/atollic/truestudio for stm32 9.3.0/armtools/bin/../lib/gcc/arm-atollic-eabi/6.3.1/armv7e-m/fpu/crtbegin.o
 *(.init)
 .init          0x08003e64        0x4 c:/program files (x86)/atollic/truestudio for stm32 9.3.0/armtools/bin/../lib/gcc/arm-atollic-eabi/6.3.1/armv7e-m/fpu/crti.o
                0x08003e64                _init
 .init          0x08003e68        0x8 c:/program files (x86)/atollic/truestudio for stm32 9.3.0/armtools/bin/../lib/gcc/arm-atollic-eabi/6.3.1/armv7e-m/fpu/crtn.o
 *(.fini)
 .fini          0x08003e70        0x4 c:/program files (x86)/atollic/truestudio for stm32 9.3.0/armtools/bin/../lib/gcc/arm-atollic-eabi/6.3.1/armv7e-m/fpu/crti.o
                0x08003e70                _fini
 .fini          0x08003e74        0x8 c:/program files (x86)/atollic/truestudio for stm32 9.3.0/armtools/bin/../lib/gcc/arm-atollic-eabi/6.3.1/armv7e-m/fpu/crtn.o
                0x08003e7c                . = ALIGN (0x4)
                0x08003e7c                _etext = .

.vfp11_veneer   0x08003e7c        0x0
 .vfp11_veneer  0x08003e7c        0x0 linker stubs

.v4_bx          0x08003e7c        0x0
 .v4_bx         0x08003e7c        0x0 linker stubs

.iplt           0x08003e7c        0x0
 .iplt          0x08003e7c        0x0 c:/program files (x86)/atollic/truestudio for stm32 9.3.0/armtools/bin/../lib/gcc/arm-atollic-eabi/6.3.1/armv7e-m/fpu/crtbegin.o

.rodata         0x08003e7c       0x2c
                0x08003e7c                . = ALIGN (0x4)
 *(.rodata)
 *(.rodata*)
 .rodata.flagBitshiftOffset.8436
                0x08003e7c        0x8 Drivers\STM32F4xx_HAL_Driver\Src\stm32f4xx_hal_dma.o
 .rodata.SD_Driver
                0x08003e84       0x14 Src\sd_diskio.o
                0x08003e84                SD_Driver
 .rodata.AHBPrescTable
                0x08003e98       0x10 Src\system_stm32f4xx.o
                0x08003e98                AHBPrescTable
                0x08003ea8                . = ALIGN (0x4)

.ARM.extab
 *(.ARM.extab* .gnu.linkonce.armextab.*)

.ARM            0x08003ea8        0x8
                0x08003ea8                __exidx_start = .
 *(.ARM.exidx*)
 .ARM.exidx     0x08003ea8        0x8 c:/program files (x86)/atollic/truestudio for stm32 9.3.0/armtools/bin/../lib/gcc/arm-atollic-eabi/6.3.1/armv7e-m/fpu\libgcc.a(_udivmoddi4.o)
                0x08003eb0                __exidx_end = .

.rel.dyn        0x08003eb0        0x0
 .rel.iplt      0x08003eb0        0x0 c:/program files (x86)/atollic/truestudio for stm32 9.3.0/armtools/bin/../lib/gcc/arm-atollic-eabi/6.3.1/armv7e-m/fpu/crtbegin.o

.preinit_array  0x08003eb0        0x0
                0x08003eb0                PROVIDE (__preinit_array_start, .)
 *(.preinit_array*)
                0x08003eb0                PROVIDE (__preinit_array_end, .)

.init_array     0x08003eb0        0x4
                0x08003eb0                PROVIDE (__init_array_start, .)
 *(SORT(.init_array.*))
 *(.init_array*)
 .init_array    0x08003eb0        0x4 c:/program files (x86)/atollic/truestudio for stm32 9.3.0/armtools/bin/../lib/gcc/arm-atollic-eabi/6.3.1/armv7e-m/fpu/crtbegin.o
                0x08003eb4                PROVIDE (__init_array_end, .)

.fini_array     0x08003eb4        0x4
                [!provide]                PROVIDE (__fini_array_start, .)
 *(SORT(.fini_array.*))
 *(.fini_array*)
 .fini_array    0x08003eb4        0x4 c:/program files (x86)/atollic/truestudio for stm32 9.3.0/armtools/bin/../lib/gcc/arm-atollic-eabi/6.3.1/armv7e-m/fpu/crtbegin.o
                [!provide]                PROVIDE (__fini_array_end, .)
                0x08003eb8                _sidata = LOADADDR (.data)

.data           0x20000000       0x18 load address 0x08003eb8
                0x20000000                . = ALIGN (0x4)
                0x20000000                _sdata = .
 *(.data)
 *(.data*)
 .data.uwTickFreq
                0x20000000        0x1 Drivers\STM32F4xx_HAL_Driver\Src\stm32f4xx_hal.o
                0x20000000                uwTickFreq
 *fill*         0x20000001        0x3 
 .data.uwTickPrio
                0x20000004        0x4 Drivers\STM32F4xx_HAL_Driver\Src\stm32f4xx_hal.o
                0x20000004                uwTickPrio
 .data.LCD_HEIGHT
                0x20000008        0x4 Src\main.o
                0x20000008                LCD_HEIGHT
 .data.LCD_WIDTH
                0x2000000c        0x4 Src\main.o
                0x2000000c                LCD_WIDTH
 .data.Stat     0x20000010        0x1 Src\sd_diskio.o
 *fill*         0x20000011        0x3 
 .data.SystemCoreClock
                0x20000014        0x4 Src\system_stm32f4xx.o
                0x20000014                SystemCoreClock
                0x20000018                . = ALIGN (0x4)
                0x20000018                _edata = .
                0x08003ed0                _siccmram = LOADADDR (.ccmram)

.igot.plt       0x20000018        0x0 load address 0x08003ed0
 .igot.plt      0x20000018        0x0 c:/program files (x86)/atollic/truestudio for stm32 9.3.0/armtools/bin/../lib/gcc/arm-atollic-eabi/6.3.1/armv7e-m/fpu/crtbegin.o

.ccmram         0x10000000        0x0 load address 0x08003ed0
                0x10000000                . = ALIGN (0x4)
                0x10000000                _sccmram = .
 *(.ccmram)
 *(.ccmram*)
                0x10000000                . = ALIGN (0x4)
                0x10000000                _eccmram = .
                0x10000000                . = ALIGN (0x4)

.bss            0x20000018     0x5d7c
                0x20000018                _sbss = .
                0x20000018                __bss_start__ = _sbss
 *(.bss)
 .bss           0x20000018       0x1c c:/program files (x86)/atollic/truestudio for stm32 9.3.0/armtools/bin/../lib/gcc/arm-atollic-eabi/6.3.1/armv7e-m/fpu/crtbegin.o
 *(.bss*)
 .bss.Files     0x20000034       0x20 Middlewares\Third_Party\FatFs\src\ff.o
 .bss.disk      0x20000054        0xc Middlewares\Third_Party\FatFs\src\ff_gen_drv.o
                0x20000054                disk
 .bss._Rotation
                0x20000060        0x4 Src\main.o
                0x20000060                _Rotation
 .bss._file_count
                0x20000064        0x2 Src\main.o
                0x20000064                _file_count
 .bss.buff      0x20000066        0x2 Src\main.o
                0x20000066                buff
 .bss.count     0x20000068        0x2 Src\main.o
                0x20000068                count
 *(COMMON)
 *fill*         0x2000006a        0x2 
 COMMON         0x2000006c        0x4 Drivers\STM32F4xx_HAL_Driver\Src\stm32f4xx_hal.o
                0x2000006c                uwTick
 COMMON         0x20000070     0x2070 Src\fatfs.o
                0x20000070                retSD
                0x20000071                SDPath
                0x20000078                SDFile
                0x200010a8                SDFatFS
 COMMON         0x200020e0     0x3cb4 Src\main.o
                0x200020e0                strINT
                0x20002114                hdma_sdio_rx
                0x20002174                WAV_BUFFER1C2
                0x20002274                fno
                0x2000238c                fs
                0x200033c4                br
                0x200033c8                WAV_BUFFER2
                0x200035c8                hdma_dac1
                0x20003628                hadc1
                0x20003670                hdac
                0x20003684                WAV_BUFFER1
                0x20003884                BUFFER2
                0x20004084                hdma_sdio_tx
                0x200040e4                BUFFER
                0x200048e4                htim6
                0x20004924                bw
                0x20004928                d
                0x2000492c                hrng
                0x2000493c                hsd
                0x200049c0                WAV_BUFFER2C1
                0x20004ac0                fresult
                0x20004ac4                hdma_dac2
                0x20004b24                WAV_BUFFER1C1
                0x20004c24                fil
                0x20005c54                htim7
                0x20005c94                WAV_BUFFER2C2
                0x20005d94                . = ALIGN (0x4)
                0x20005d94                _ebss = .
                0x20005d94                __bss_end__ = _ebss

._user_heap_stack
                0x20005d94     0x6000
                0x20005d94                . = ALIGN (0x4)
                0x20005d94                PROVIDE (end, .)
                [!provide]                PROVIDE (_end, .)
                0x20007d94                . = (. + _Min_Heap_Size)
 *fill*         0x20005d94     0x2000 
                0x2000bd94                . = (. + _Min_Stack_Size)
 *fill*         0x20007d94     0x4000 
                0x2000bd94                . = ALIGN (0x4)

/DISCARD/
 libc.a(*)
 libm.a(*)
 libgcc.a(*)

.ARM.attributes
                0x00000000       0x30
 *(.ARM.attributes)
 .ARM.attributes
                0x00000000       0x22 c:/program files (x86)/atollic/truestudio for stm32 9.3.0/armtools/bin/../lib/gcc/arm-atollic-eabi/6.3.1/armv7e-m/fpu/crti.o
 .ARM.attributes
                0x00000022       0x34 c:/program files (x86)/atollic/truestudio for stm32 9.3.0/armtools/bin/../lib/gcc/arm-atollic-eabi/6.3.1/armv7e-m/fpu/crtbegin.o
 .ARM.attributes
                0x00000056       0x39 Drivers\STM32F4xx_HAL_Driver\Src\stm32f4xx_hal.o
 .ARM.attributes
                0x0000008f       0x39 Drivers\STM32F4xx_HAL_Driver\Src\stm32f4xx_hal_adc.o
 .ARM.attributes
                0x000000c8       0x39 Drivers\STM32F4xx_HAL_Driver\Src\stm32f4xx_hal_cortex.o
 .ARM.attributes
                0x00000101       0x39 Drivers\STM32F4xx_HAL_Driver\Src\stm32f4xx_hal_dac.o
 .ARM.attributes
                0x0000013a       0x39 Drivers\STM32F4xx_HAL_Driver\Src\stm32f4xx_hal_dac_ex.o
 .ARM.attributes
                0x00000173       0x39 Drivers\STM32F4xx_HAL_Driver\Src\stm32f4xx_hal_dma.o
 .ARM.attributes
                0x000001ac       0x39 Drivers\STM32F4xx_HAL_Driver\Src\stm32f4xx_hal_gpio.o
 .ARM.attributes
                0x000001e5       0x39 Drivers\STM32F4xx_HAL_Driver\Src\stm32f4xx_hal_rcc.o
 .ARM.attributes
                0x0000021e       0x39 Drivers\STM32F4xx_HAL_Driver\Src\stm32f4xx_hal_rng.o
 .ARM.attributes
                0x00000257       0x39 Drivers\STM32F4xx_HAL_Driver\Src\stm32f4xx_hal_sd.o
 .ARM.attributes
                0x00000290       0x39 Drivers\STM32F4xx_HAL_Driver\Src\stm32f4xx_hal_tim.o
 .ARM.attributes
                0x000002c9       0x39 Drivers\STM32F4xx_HAL_Driver\Src\stm32f4xx_hal_tim_ex.o
 .ARM.attributes
                0x00000302       0x39 Drivers\STM32F4xx_HAL_Driver\Src\stm32f4xx_ll_sdmmc.o
 .ARM.attributes
                0x0000033b       0x39 Middlewares\Third_Party\FatFs\src\diskio.o
 .ARM.attributes
                0x00000374       0x39 Middlewares\Third_Party\FatFs\src\ff.o
 .ARM.attributes
                0x000003ad       0x39 Middlewares\Third_Party\FatFs\src\ff_gen_drv.o
 .ARM.attributes
                0x000003e6       0x39 Src\bsp_driver_sd.o
 .ARM.attributes
                0x0000041f       0x39 Src\fatfs.o
 .ARM.attributes
                0x00000458       0x39 Src\main.o
 .ARM.attributes
                0x00000491       0x39 Src\sd_diskio.o
 .ARM.attributes
                0x000004ca       0x39 Src\stm32f4xx_hal_msp.o
 .ARM.attributes
                0x00000503       0x39 Src\stm32f4xx_it.o
 .ARM.attributes
                0x0000053c       0x39 Src\system_stm32f4xx.o
 .ARM.attributes
                0x00000575       0x21 startup\startup_stm32f407xx.o
 .ARM.attributes
                0x00000596       0x34 c:/program files (x86)/atollic/truestudio for stm32 9.3.0/armtools/bin/../lib/gcc/arm-atollic-eabi/6.3.1/../../../../arm-atollic-eabi/lib/armv7e-m/fpu\libc_nano.a(lib_a-init.o)
 .ARM.attributes
                0x000005ca       0x34 c:/program files (x86)/atollic/truestudio for stm32 9.3.0/armtools/bin/../lib/gcc/arm-atollic-eabi/6.3.1/../../../../arm-atollic-eabi/lib/armv7e-m/fpu\libc_nano.a(lib_a-memset.o)
 .ARM.attributes
                0x000005fe       0x22 c:/program files (x86)/atollic/truestudio for stm32 9.3.0/armtools/bin/../lib/gcc/arm-atollic-eabi/6.3.1/armv7e-m/fpu\libgcc.a(_aeabi_uldivmod.o)
 .ARM.attributes
                0x00000620       0x34 c:/program files (x86)/atollic/truestudio for stm32 9.3.0/armtools/bin/../lib/gcc/arm-atollic-eabi/6.3.1/armv7e-m/fpu\libgcc.a(_udivmoddi4.o)
 .ARM.attributes
                0x00000654       0x22 c:/program files (x86)/atollic/truestudio for stm32 9.3.0/armtools/bin/../lib/gcc/arm-atollic-eabi/6.3.1/armv7e-m/fpu\libgcc.a(_dvmd_tls.o)
 .ARM.attributes
                0x00000676       0x22 c:/program files (x86)/atollic/truestudio for stm32 9.3.0/armtools/bin/../lib/gcc/arm-atollic-eabi/6.3.1/armv7e-m/fpu/crtn.o
OUTPUT(TrueStudio.elf elf32-littlearm)

.comment        0x00000000       0x7c
 .comment       0x00000000       0x7c Drivers\STM32F4xx_HAL_Driver\Src\stm32f4xx_hal.o
                                 0x7d (size before relaxing)
 .comment       0x0000007c       0x7d Drivers\STM32F4xx_HAL_Driver\Src\stm32f4xx_hal_adc.o
 .comment       0x0000007c       0x7d Drivers\STM32F4xx_HAL_Driver\Src\stm32f4xx_hal_cortex.o
 .comment       0x0000007c       0x7d Drivers\STM32F4xx_HAL_Driver\Src\stm32f4xx_hal_dac.o
 .comment       0x0000007c       0x7d Drivers\STM32F4xx_HAL_Driver\Src\stm32f4xx_hal_dac_ex.o
 .comment       0x0000007c       0x7d Drivers\STM32F4xx_HAL_Driver\Src\stm32f4xx_hal_dma.o
 .comment       0x0000007c       0x7d Drivers\STM32F4xx_HAL_Driver\Src\stm32f4xx_hal_gpio.o
 .comment       0x0000007c       0x7d Drivers\STM32F4xx_HAL_Driver\Src\stm32f4xx_hal_rcc.o
 .comment       0x0000007c       0x7d Drivers\STM32F4xx_HAL_Driver\Src\stm32f4xx_hal_rng.o
 .comment       0x0000007c       0x7d Drivers\STM32F4xx_HAL_Driver\Src\stm32f4xx_hal_sd.o
 .comment       0x0000007c       0x7d Drivers\STM32F4xx_HAL_Driver\Src\stm32f4xx_hal_tim.o
 .comment       0x0000007c       0x7d Drivers\STM32F4xx_HAL_Driver\Src\stm32f4xx_hal_tim_ex.o
 .comment       0x0000007c       0x7d Drivers\STM32F4xx_HAL_Driver\Src\stm32f4xx_ll_sdmmc.o
 .comment       0x0000007c       0x7d Middlewares\Third_Party\FatFs\src\diskio.o
 .comment       0x0000007c       0x7d Middlewares\Third_Party\FatFs\src\ff.o
 .comment       0x0000007c       0x7d Middlewares\Third_Party\FatFs\src\ff_gen_drv.o
 .comment       0x0000007c       0x7d Src\bsp_driver_sd.o
 .comment       0x0000007c       0x7d Src\fatfs.o
 .comment       0x0000007c       0x7d Src\main.o
 .comment       0x0000007c       0x7d Src\sd_diskio.o
 .comment       0x0000007c       0x7d Src\stm32f4xx_hal_msp.o
 .comment       0x0000007c       0x7d Src\stm32f4xx_it.o
 .comment       0x0000007c       0x7d Src\system_stm32f4xx.o

.debug_frame    0x00000000       0xac
 .debug_frame   0x00000000       0x2c c:/program files (x86)/atollic/truestudio for stm32 9.3.0/armtools/bin/../lib/gcc/arm-atollic-eabi/6.3.1/../../../../arm-atollic-eabi/lib/armv7e-m/fpu\libc_nano.a(lib_a-init.o)
 .debug_frame   0x0000002c       0x20 c:/program files (x86)/atollic/truestudio for stm32 9.3.0/armtools/bin/../lib/gcc/arm-atollic-eabi/6.3.1/../../../../arm-atollic-eabi/lib/armv7e-m/fpu\libc_nano.a(lib_a-memset.o)
 .debug_frame   0x0000004c       0x2c c:/program files (x86)/atollic/truestudio for stm32 9.3.0/armtools/bin/../lib/gcc/arm-atollic-eabi/6.3.1/armv7e-m/fpu\libgcc.a(_aeabi_uldivmod.o)
 .debug_frame   0x00000078       0x34 c:/program files (x86)/atollic/truestudio for stm32 9.3.0/armtools/bin/../lib/gcc/arm-atollic-eabi/6.3.1/armv7e-m/fpu\libgcc.a(_udivmoddi4.o)
