wav.h:342:6:wavPause.part.1	8	static
wav.h:355:6:wavResume.part.2	8	static
File_Manager.app.h:151:8:filterAstrid.part.4	24	static
pins.h:40:6:map	4	static
pins.h:44:10:analogRead	40	static
pins.h:61:6:pinMode	0	static
pins.h:73:6:digitalWrite	0	static
pins.h:107:10:randomInt	16	static
wav.h:187:6:initTimers	40	static
wav.h:320:6:wavInfo	8	static
wav.h:342:6:wavPause	0	static
wav.h:355:6:wavResume	0	static
wav.h:371:6:malloc_wav_buffers	8	static
wav.h:387:6:free_wav_buffers	8	static
wav.h:326:6:wavStop	24	static
wav.h:87:6:readNextWavBuffer	24	static
wav.h:53:6:HAL_TIM_PeriodElapsedCallback	24	static
wav.h:227:10:wavPlayFromPos	32	static
wav.h:274:10:wavPlay	32	static
ILI9481.h:127:10:color565	0	static
ILI9481.h:220:6:setDataOutputDirection	0	static
ILI9481.h:255:6:writeToBus	4	static
ILI9481.h:132:6:begin	24	static
ILI9481.h:275:6:writeCmdData	16	static
ILI9481.h:279:6:writeCmd	0	static
ILI9481.h:287:6:writeData	0	static
ILI9481.h:295:6:setAddress	32	static
ILI9481.h:317:6:fillRect	24	static
ILI9481.h:312:6:fillScreen	16	static
ILI9481.h:366:5:drawImage	8296	static
ILI9481.h:451:6:drawPixel	16	static
ILI9481.h:464:6:drawHorizontalLine	24	static
ILI9481.h:484:6:drawVerticalLine	24	static
ILI9481.h:504:6:writeLine	48	static
ILI9481.h:543:6:drawLine	20	static
ILI9481.h:557:6:drawRect	32	static
ILI9481.h:569:6:Hex_To_RGB	20	static
ILI9481.h:582:6:setRotation	16	static
ILI9481.h:617:6:Lcd_Set_Scrolling_Area	24	static
ILI9481.h:629:6:Lcd_Start_Scrolling	16	static
ILI9481.h:638:6:drawCircle	80	static
ILI9481.h:678:6:fillCircleHelper	56	static
ILI9481.h:672:6:fillCircle	32	static
ILI9481.h:706:6:drawCircleHelper	56	static
ILI9481.h:740:6:drawRoundRect	56	static
ILI9481.h:754:6:fillRoundRect	48	static
ILI9481.h:763:6:drawTriangle	40	static
ILI9481.h:768:6:fillTriangle	80	static
ILI9481.h:829:10:isKthBitSetInt	0	static
ILI9481.h:848:6:setTextColor	0	static
ILI9481.h:851:6:setTextSize	0	static
ILI9481.h:854:6:textAlign	0	static
ILI9481.h:858:5:isKthBitSet	0	static
ILI9481.h:867:6:drawChar	64	static
ILI9481.h:888:6:print	40	static
ILI9481.h:900:6:text	48	static
ILI9481.h:910:6:setCursor	0	static
ILI9481.h:915:5:constrain	0	static
ILI9481.h:927:8:INT_TO_STR	8	static
ILI9481.h:932:6:LOG	8	static
TouchScreen.h:108:6:getPoint	0	static
TouchScreen.h:112:5:getRawPoint	32	static
TouchScreen.h:177:5:mouseOver	4	static
TouchScreen.h:183:6:mapPoint	12	static
TouchScreen.h:48:5:touchscreen	104	static
TouchScreen.h:37:5:screenPressed	24	static
File_Manager.app.h:58:5:scan_files	96	static
File_Manager.app.h:90:5:moveBack	8	static
File_Manager.app.h:108:6:getName	24	static
File_Manager.app.h:120:13:get_filename_ext	8	static
File_Manager.app.h:133:5:getFileState	8	static
File_Manager.app.h:151:8:filterAstrid	8	static
File_Manager.app.h:162:6:update_musicPlayer	296	static
File_Manager.app.h:366:6:update_imageViewer	32	static
File_Manager.app.h:407:6:drawIcon	7240	dynamic,bounded
File_Manager.app.h:447:6:update_fileManager	4216	static
File_Manager.app.h:693:6:updateFolderMenu	48	static
File_Manager.app.h:715:6:updateFileMenu	40	static
File_Manager.app.h:994:5:confirmationDelete	48	static
File_Manager.app.h:1049:6:convertSizeToSTR	24	static
File_Manager.app.h:1075:6:copy_file	4472	static
File_Manager.app.h:1152:9:delete_node	88	static
File_Manager.app.h:1139:9:rm_dir	544	static
File_Manager.app.h:1301:10:keyBoardGetColor	8	static
File_Manager.app.h:1313:5:updateKeyboard	88	static
File_Manager.app.h:1353:5:str_cut	16	static
File_Manager.app.h:1364:5:keyBoard	200	static
File_Manager.app.h:733:5:file_Manager_menu	352	static
File_Manager.app.h:232:6:musicPlayer	392	static
File_Manager.app.h:380:6:imageViewer	32	static
File_Manager.app.h:564:6:fileManager	320	static
File_Manager.app.h:45:6:File_Manager_App	272	static
main.c:167:6:SystemClock_Config	104	static
main.c:95:5:main	64	static
main.c:480:6:Error_Handler	0	static
