stm32f4xx_hal_msp.c:71:6:HAL_MspInit	8	static
stm32f4xx_hal_msp.c:93:6:HAL_ADC_MspInit	40	static
stm32f4xx_hal_msp.c:129:6:HAL_ADC_MspDeInit	0	static
stm32f4xx_hal_msp.c:160:6:HAL_DAC_MspInit	56	static
stm32f4xx_hal_msp.c:234:6:HAL_DAC_MspDeInit	8	static
stm32f4xx_hal_msp.c:276:6:HAL_RNG_MspInit	8	static
stm32f4xx_hal_msp.c:298:6:HAL_RNG_MspDeInit	0	static
stm32f4xx_hal_msp.c:320:6:HAL_SD_MspInit	64	static
stm32f4xx_hal_msp.c:415:6:HAL_SD_MspDeInit	8	static
stm32f4xx_hal_msp.c:457:6:HAL_TIM_Base_MspInit	16	static
stm32f4xx_hal_msp.c:496:6:HAL_TIM_Base_MspDeInit	0	static
