pins.h:34:6:map	8	static
pins.h:38:10:analogRead	40	static
pins.h:55:6:pinMode	0	static
pins.h:67:6:digitalWrite	0	static
pins.h:101:10:randomInt	16	static
ILI9481.h:125:10:color565	0	static
ILI9481.h:218:6:setDataOutputDirection	0	static
ILI9481.h:253:6:writeToBus	0	static
ILI9481.h:272:6:writeCmd	0	static
ILI9481.h:280:6:writeData	0	static
ILI9481.h:130:6:begin	24	static
ILI9481.h:268:6:writeCmdData	8	static
ILI9481.h:288:6:setAddress	24	static
ILI9481.h:310:6:fillRect	24	static
ILI9481.h:305:6:fillScreen	16	static
ILI9481.h:356:5:drawImage	40	static
ILI9481.h:423:6:drawPixel	16	static
ILI9481.h:436:6:drawHorizontalLine	24	static
ILI9481.h:456:6:drawVerticalLine	24	static
ILI9481.h:476:6:writeLine	48	static
ILI9481.h:515:6:drawLine	20	static
ILI9481.h:529:6:drawRect	32	static
ILI9481.h:541:6:Hex_To_RGB	12	static
ILI9481.h:554:6:setRotation	16	static
ILI9481.h:589:6:Lcd_Set_Scrolling_Area	16	static
ILI9481.h:601:6:Lcd_Start_Scrolling	16	static
ILI9481.h:610:6:drawCircle	48	static
ILI9481.h:650:6:fillCircleHelper	48	static
ILI9481.h:644:6:fillCircle	32	static
ILI9481.h:678:6:drawCircleHelper	48	static
ILI9481.h:712:6:drawRoundRect	56	static
ILI9481.h:726:6:fillRoundRect	48	static
ILI9481.h:735:6:drawTriangle	40	static
ILI9481.h:740:6:fillTriangle	72	static
ILI9481.h:801:10:isKthBitSetInt	0	static
ILI9481.h:820:6:setTextColor	0	static
ILI9481.h:823:6:setTextSize	0	static
ILI9481.h:826:6:textAlign	0	static
ILI9481.h:830:5:isKthBitSet	0	static
ILI9481.h:839:6:drawChar	56	static
ILI9481.h:858:6:print	40	static
ILI9481.h:870:6:text	40	static
ILI9481.h:880:6:setCursor	0	static
ILI9481.h:885:5:constrain	0	static
ILI9481.h:897:8:INT_TO_STR	8	static
ILI9481.h:902:6:LOG	8	static
TouchScreen.h:97:6:getPoint	0	static
TouchScreen.h:101:5:getRawPoint	24	static
TouchScreen.h:166:6:mapPoint	8	static
TouchScreen.h:37:5:touchscreen	80	static
wav.h:165:6:initTimers	32	static
wav.h:205:10:wavPlay	16	static
wav.h:235:6:wavInfo	8	static
wav.h:241:6:wavStop	16	static
wav.h:44:6:HAL_TIM_PeriodElapsedCallback	24	static
main.c:85:6:music_player	64	static
main.c:230:6:SystemClock_Config	96	static
main.c:157:5:main	48	static
main.c:543:6:Error_Handler	0	static
