stm32f4xx_it.c:77:6:NMI_Handler	0	static
stm32f4xx_it.c:90:6:HardFault_Handler	0	static
stm32f4xx_it.c:105:6:MemManage_Handler	0	static
stm32f4xx_it.c:120:6:BusFault_Handler	0	static
stm32f4xx_it.c:135:6:UsageFault_Handler	0	static
stm32f4xx_it.c:150:6:SVC_Handler	0	static
stm32f4xx_it.c:163:6:DebugMon_Handler	0	static
stm32f4xx_it.c:176:6:PendSV_Handler	0	static
stm32f4xx_it.c:189:6:SysTick_Handler	0	static
stm32f4xx_it.c:210:6:DMA1_Stream5_IRQHandler	0	static
stm32f4xx_it.c:224:6:DMA1_Stream6_IRQHandler	0	static
stm32f4xx_it.c:238:6:SDIO_IRQHandler	0	static
stm32f4xx_it.c:252:6:TIM6_DAC_IRQHandler	8	static
stm32f4xx_it.c:267:6:TIM7_IRQHandler	0	static
stm32f4xx_it.c:281:6:DMA2_Stream3_IRQHandler	0	static
stm32f4xx_it.c:295:6:DMA2_Stream6_IRQHandler	0	static
